#
# There is insufficient memory for the Java Runtime Environment to continue.
# Native memory allocation (malloc) failed to allocate 1158416 bytes for Chunk::new
# Possible reasons:
#   The system is out of physical RAM or swap space
#   The process is running with CompressedOops enabled, and the Java Heap may be blocking the growth of the native heap
# Possible solutions:
#   Reduce memory load on the system
#   Increase physical memory or swap space
#   Check if swap backing store is full
#   Decrease Java heap size (-Xmx/-Xms)
#   Decrease number of Java threads
#   Decrease Java thread stack sizes (-Xss)
#   Set larger code cache with -XX:ReservedCodeCacheSize=
#   JVM is running with Unscaled Compressed Oops mode in which the Java heap is
#     placed in the first 4GB address space. The Java Heap base address is the
#     maximum limit for the native heap growth. Please use -XX:HeapBaseMinAddress
#     to set the Java Heap base and to place the Java Heap above 4GB virtual address.
# This output file may be truncated or incomplete.
#
#  Out of Memory Error (arena.cpp:189), pid=17024, tid=35800
#
# JRE version: Java(TM) SE Runtime Environment (17.0.12+8) (build 17.0.12+8-LTS-286)
# Java VM: Java HotSpot(TM) 64-Bit Server VM (17.0.12+8-LTS-286, mixed mode, sharing, tiered, compressed oops, compressed class ptrs, g1 gc, windows-amd64)
# No core dump will be written. Minidumps are not enabled by default on client versions of Windows
#

---------------  S U M M A R Y ------------

Command Line: --add-opens=java.base/java.util=ALL-UNNAMED --add-opens=java.base/java.lang=ALL-UNNAMED --add-opens=java.base/java.lang.invoke=ALL-UNNAMED --add-opens=java.base/java.util=ALL-UNNAMED --add-opens=java.prefs/java.util.prefs=ALL-UNNAMED --add-opens=java.prefs/java.util.prefs=ALL-UNNAMED --add-opens=java.base/java.nio.charset=ALL-UNNAMED --add-opens=java.base/java.net=ALL-UNNAMED --add-opens=java.base/java.util.concurrent.atomic=ALL-UNNAMED -Xmx2048m -Dfile.encoding=UTF-8 -Duser.country=US -Duser.language=en -Duser.variant org.gradle.launcher.daemon.bootstrap.GradleDaemon 7.4

Host: AMD Ryzen 7 7435HS                             , 16 cores, 15G,  Windows 11 , 64 bit Build 26100 (10.0.26100.9444)
Time: Sun Sep 27 18:50:38 2026 Sri Lanka Standard Time elapsed time: 13.959592 seconds (0d 0h 0m 13s)

---------------  T H R E A D  ---------------

Current thread (0x0000013a4955dd20):  JavaThread "C2 CompilerThread1" daemon [_thread_in_native, id=35800, stack(0x0000000309400000,0x0000000309500000)]


Current CompileTask:
C2:  13960 10037 %     4       org.gradle.internal.instantiation.generator.AbstractClassGenerator::inspectType @ 77 (560 bytes)

Stack: [0x0000000309400000,0x0000000309500000]
Native frames: (J=compiled Java code, j=interpreted, Vv=VM code, C=native code)
V  [jvm.dll+0x67a04a]
V  [jvm.dll+0x7da4ed]
V  [jvm.dll+0x7dbe33]
V  [jvm.dll+0x7dc4a3]
V  [jvm.dll+0x24508f]
V  [jvm.dll+0xab773]
V  [jvm.dll+0xabd3c]
V  [jvm.dll+0x2aa52f]
V  [jvm.dll+0x581eb9]
V  [jvm.dll+0x21f422]
V  [jvm.dll+0x2184c2]
V  [jvm.dll+0x215b65]
V  [jvm.dll+0x1a2960]
V  [jvm.dll+0x22610b]
V  [jvm.dll+0x2242ab]
V  [jvm.dll+0x79075c]
V  [jvm.dll+0x78abea]
V  [jvm.dll+0x678f35]
C  [ucrtbase.dll+0x2cd30]
C  [KERNEL32.DLL+0x2cd87]
C  [ntdll.dll+0xacaec]


---------------  P R O C E S S  ---------------

Threads class SMR info:
_java_thread_list=0x0000013a4e576910, length=205, elements={
0x0000013a60aaa9a0, 0x0000013a7ee1e6e0, 0x0000013a7f7bd0c0, 0x0000013a7f7cd4b0,
0x0000013a7f7cdd80, 0x0000013a7f7cf660, 0x0000013a7f7d3f50, 0x0000013a7f7d8b60,
0x0000013a7f7ec1e0, 0x0000013a7f7ff2c0, 0x0000013a7f908ce0, 0x0000013a7f923aa0,
0x0000013a7f933f90, 0x0000013a45cc3700, 0x0000013a45cc3c20, 0x0000013a467cd7b0,
0x0000013a467cc880, 0x0000013a467ce1d0, 0x0000013a467cb440, 0x0000013a467cd2a0,
0x0000013a467cb950, 0x0000013a467ccd90, 0x0000013a467cdcc0, 0x0000013a467caf30,
0x0000013a467cbe60, 0x0000013a467ce6e0, 0x0000013a473adec0, 0x0000013a473ac060,
0x0000013a473acf90, 0x0000013a473ad9b0, 0x0000013a473aedf0, 0x0000013a473af300,
0x0000013a473af810, 0x0000013a473aca80, 0x0000013a473b2fc0, 0x0000013a473b34d0,
0x0000013a473b1670, 0x0000013a473b2ab0, 0x0000013a473b25a0, 0x0000013a473b0c50,
0x0000013a494667d0, 0x0000013a49467c10, 0x0000013a4946c800, 0x0000013a4946cd10,
0x0000013a4946d220, 0x0000013a4946a9a0, 0x0000013a4946c2f0, 0x0000013a4946aeb0,
0x0000013a4946b3c0, 0x0000013a49469a70, 0x0000013a4946d730, 0x0000013a49469f80,
0x0000013a4946a490, 0x0000013a4946bde0, 0x0000013a494662c0, 0x0000013a48e66610,
0x0000013a48e68980, 0x0000013a48e67a50, 0x0000013a48e67f60, 0x0000013a48e68e90,
0x0000013a48e693a0, 0x0000013a48e68470, 0x0000013a48e67030, 0x0000013a48e698b0,
0x0000013a48e69dc0, 0x0000013a48e6a2d0, 0x0000013a48e66b20, 0x0000013a48e6d060,
0x0000013a48e6acf0, 0x0000013a48e6bc20, 0x0000013a48e6c640, 0x0000013a48e6cb50,
0x0000013a48e6d570, 0x0000013a48e6df90, 0x0000013a48e6c130, 0x0000013a48e6da80,
0x0000013a48e6a7e0, 0x0000013a48e6b200, 0x0000013a48e6b710, 0x0000013a7f8a5fa0,
0x0000013a7f8a5070, 0x0000013a7f8a5580, 0x0000013a7f8a4b60, 0x0000013a7f8a64b0,
0x0000013a7f8a5a90, 0x0000013a7f8a2d00, 0x0000013a7f8a3720, 0x0000013a7f8a3c30,
0x0000013a7f8a69c0, 0x0000013a7f8a4650, 0x0000013a7f8a3210, 0x0000013a7f8a6ed0,
0x0000013a7f8a73e0, 0x0000013a7f8a78f0, 0x0000013a7f8a4140, 0x0000013a7f8a8d30,
0x0000013a7f8a7e00, 0x0000013a7f8aa170, 0x0000013a7f8a8310, 0x0000013a7f8a9750,
0x0000013a7f8aa680, 0x0000013a7f8a9c60, 0x0000013a7f8a8820, 0x0000013a7f8a9240,
0x0000013a457b0920, 0x0000013a457b0410, 0x0000013a457b1d60, 0x0000013a457b1340,
0x0000013a457b1850, 0x0000013a457b2c90, 0x0000013a457b2270, 0x0000013a457af9f0,
0x0000013a457b2780, 0x0000013a457b0e30, 0x0000013a457af4e0, 0x0000013a457b36b0,
0x0000013a457b31a0, 0x0000013a457aff00, 0x0000013a457b5f30, 0x0000013a457b6440,
0x0000013a457b6e60, 0x0000013a457b45e0, 0x0000013a457b3bc0, 0x0000013a457b4af0,
0x0000013a457b40d0, 0x0000013a457b5000, 0x0000013a457b5510, 0x0000013a457b6950,
0x0000013a457b5a20, 0x0000013a451509e0, 0x0000013a4514ffc0, 0x0000013a4514dc50,
0x0000013a4514e160, 0x0000013a451504d0, 0x0000013a4514eb80, 0x0000013a4514e670,
0x0000013a4514d230, 0x0000013a4514f5a0, 0x0000013a4514f090, 0x0000013a4514d740,
0x0000013a45150ef0, 0x0000013a45151e20, 0x0000013a45151400, 0x0000013a45151910,
0x0000013a45152330, 0x0000013a45152840, 0x0000013a45152d50, 0x0000013a45153260,
0x0000013a4514fab0, 0x0000013a45153770, 0x0000013a451546a0, 0x0000013a45154bb0,
0x0000013a45153c80, 0x0000013a4be7fe30, 0x0000013a4be826b0, 0x0000013a4be7ef00,
0x0000013a4be7f410, 0x0000013a4be80340, 0x0000013a4be81780, 0x0000013a4be7f920,
0x0000013a4be821a0, 0x0000013a4be81270, 0x0000013a4be835e0, 0x0000013a4be81c90,
0x0000013a4be80d60, 0x0000013a4be82bc0, 0x0000013a4be830d0, 0x0000013a4be83af0,
0x0000013a4be84000, 0x0000013a4be80850, 0x0000013a4be85440, 0x0000013a4be84510,
0x0000013a4be86370, 0x0000013a4be86880, 0x0000013a4be85e60, 0x0000013a4be84a20,
0x0000013a4be84f30, 0x0000013a4be85950, 0x0000013a45154190, 0x0000013a4d260b50,
0x0000013a4d25f710, 0x0000013a4d25ddc0, 0x0000013a4d25e7e0, 0x0000013a4d260640,
0x0000013a4d25ecf0, 0x0000013a4d261060, 0x0000013a4d25fc20, 0x0000013a4d25d8b0,
0x0000013a4d261570, 0x0000013a4d261a80, 0x0000013a4d25e2d0, 0x0000013a4d261f90,
0x0000013a4d2624a0, 0x0000013a4d2629b0, 0x0000013a4d25f200, 0x0000013a4d262ec0,
0x0000013a4d2633d0, 0x0000013a4d2638e0, 0x0000013a4d260130, 0x0000013a4d263df0,
0x0000013a4d264300, 0x0000013a4d264810, 0x0000013a4ceca950, 0x0000013a4955dd20,
0x0000013a49561ce0
}

Java Threads: ( => current thread )
  0x0000013a60aaa9a0 JavaThread "main" [_thread_blocked, id=25344, stack(0x0000000308000000,0x0000000308100000)]
  0x0000013a7ee1e6e0 JavaThread "Reference Handler" daemon [_thread_blocked, id=28884, stack(0x0000000308700000,0x0000000308800000)]
  0x0000013a7f7bd0c0 JavaThread "Finalizer" daemon [_thread_blocked, id=36800, stack(0x0000000308800000,0x0000000308900000)]
  0x0000013a7f7cd4b0 JavaThread "Signal Dispatcher" daemon [_thread_blocked, id=23732, stack(0x0000000308900000,0x0000000308a00000)]
  0x0000013a7f7cdd80 JavaThread "Attach Listener" daemon [_thread_blocked, id=16296, stack(0x0000000308a00000,0x0000000308b00000)]
  0x0000013a7f7cf660 JavaThread "Service Thread" daemon [_thread_blocked, id=34424, stack(0x0000000308b00000,0x0000000308c00000)]
  0x0000013a7f7d3f50 JavaThread "Monitor Deflation Thread" daemon [_thread_blocked, id=26736, stack(0x0000000308c00000,0x0000000308d00000)]
  0x0000013a7f7d8b60 JavaThread "C2 CompilerThread0" daemon [_thread_blocked, id=19452, stack(0x0000000308d00000,0x0000000308e00000)]
  0x0000013a7f7ec1e0 JavaThread "C1 CompilerThread0" daemon [_thread_blocked, id=6528, stack(0x0000000308e00000,0x0000000308f00000)]
  0x0000013a7f7ff2c0 JavaThread "Sweeper thread" daemon [_thread_blocked, id=26268, stack(0x0000000308f00000,0x0000000309000000)]
  0x0000013a7f908ce0 JavaThread "C1 CompilerThread1" daemon [_thread_blocked, id=32964, stack(0x0000000309000000,0x0000000309100000)]
  0x0000013a7f923aa0 JavaThread "Common-Cleaner" daemon [_thread_blocked, id=24412, stack(0x0000000309100000,0x0000000309200000)]
  0x0000013a7f933f90 JavaThread "Notification Thread" daemon [_thread_blocked, id=6440, stack(0x0000000309200000,0x0000000309300000)]
  0x0000013a45cc3700 JavaThread "C1 CompilerThread2" daemon [_thread_blocked, id=32396, stack(0x0000000309700000,0x0000000309800000)]
  0x0000013a45cc3c20 JavaThread "C1 CompilerThread3" daemon [_thread_blocked, id=20176, stack(0x0000000309800000,0x0000000309900000)]
  0x0000013a467cd7b0 JavaThread "Daemon health stats" [_thread_blocked, id=6728, stack(0x0000000309600000,0x0000000309700000)]
  0x0000013a467cc880 JavaThread "Incoming local TCP Connector on port 63574" [_thread_in_native, id=30588, stack(0x0000000309e00000,0x0000000309f00000)]
  0x0000013a467ce1d0 JavaThread "Daemon periodic checks" [_thread_blocked, id=20016, stack(0x0000000309f00000,0x000000030a000000)]
  0x0000013a467cb440 JavaThread "Daemon" [_thread_blocked, id=9608, stack(0x000000030a000000,0x000000030a100000)]
  0x0000013a467cd2a0 JavaThread "Handler for socket connection from /127.0.0.1:63574 to /127.0.0.1:63575" [_thread_in_native, id=25280, stack(0x000000030a100000,0x000000030a200000)]
  0x0000013a467cb950 JavaThread "Cancel handler" [_thread_blocked, id=30052, stack(0x000000030a200000,0x000000030a300000)]
  0x0000013a467ccd90 JavaThread "Daemon worker" [_thread_in_vm, id=35324, stack(0x000000030a300000,0x000000030a400000)]
  0x0000013a467cdcc0 JavaThread "Asynchronous log dispatcher for DefaultDaemonConnection: socket connection from /127.0.0.1:63574 to /127.0.0.1:63575" [_thread_blocked, id=31652, stack(0x000000030a400000,0x000000030a500000)]
  0x0000013a467caf30 JavaThread "Stdin handler" [_thread_blocked, id=20156, stack(0x000000030a500000,0x000000030a600000)]
  0x0000013a467cbe60 JavaThread "Daemon client event forwarder" [_thread_blocked, id=26408, stack(0x000000030a600000,0x000000030a700000)]
  0x0000013a467ce6e0 JavaThread "Cache worker for journal cache (C:\Users\ASUS\.gradle\caches\journal-1)" [_thread_blocked, id=35880, stack(0x000000030a700000,0x000000030a800000)]
  0x0000013a473adec0 JavaThread "File lock request listener" [_thread_in_native, id=26644, stack(0x000000030a800000,0x000000030a900000)]
  0x0000013a473ac060 JavaThread "Cache worker for file hash cache (C:\Users\ASUS\.gradle\caches\7.4\fileHashes)" [_thread_blocked, id=14272, stack(0x000000030a900000,0x000000030aa00000)]
  0x0000013a473acf90 JavaThread "File watcher server" daemon [_thread_in_native, id=4536, stack(0x000000030ab00000,0x000000030ac00000)]
  0x0000013a473ad9b0 JavaThread "File watcher consumer" daemon [_thread_blocked, id=2304, stack(0x000000030ac00000,0x000000030ad00000)]
  0x0000013a473aedf0 JavaThread "jar transforms" [_thread_blocked, id=30960, stack(0x000000030ad00000,0x000000030ae00000)]
  0x0000013a473af300 JavaThread "jar transforms Thread 2" [_thread_blocked, id=35616, stack(0x000000030ae00000,0x000000030af00000)]
  0x0000013a473af810 JavaThread "jar transforms Thread 3" [_thread_blocked, id=32336, stack(0x000000030af00000,0x000000030b000000)]
  0x0000013a473aca80 JavaThread "Cache worker for checksums cache (D:\OneDrive - University of Westminster\Documents\GitHub\ViMusic\.gradle\7.4\checksums)" [_thread_blocked, id=36360, stack(0x000000030ba00000,0x000000030bb00000)]
  0x0000013a473b2fc0 JavaThread "Cache worker for cache directory md-rule (C:\Users\ASUS\.gradle\caches\7.4\md-rule)" [_thread_blocked, id=13508, stack(0x000000030bb00000,0x000000030bc00000)]
  0x0000013a473b34d0 JavaThread "Cache worker for file hash cache (D:\OneDrive - University of Westminster\Documents\GitHub\ViMusic\.gradle\7.4\fileHashes)" [_thread_blocked, id=15620, stack(0x000000030bc00000,0x000000030bd00000)]
  0x0000013a473b1670 JavaThread "Cache worker for cache directory md-supplier (C:\Users\ASUS\.gradle\caches\7.4\md-supplier)" [_thread_blocked, id=6792, stack(0x000000030bd00000,0x000000030be00000)]
  0x0000013a473b2ab0 JavaThread "Cache worker for execution history cache (C:\Users\ASUS\.gradle\caches\7.4\executionHistory)" [_thread_blocked, id=26732, stack(0x000000030be00000,0x000000030bf00000)]
  0x0000013a473b25a0 JavaThread "jar transforms Thread 4" [_thread_blocked, id=30712, stack(0x000000030bf00000,0x000000030c000000)]
  0x0000013a473b0c50 JavaThread "jar transforms Thread 5" [_thread_blocked, id=32040, stack(0x000000030c000000,0x000000030c100000)]
  0x0000013a494667d0 JavaThread "Cache worker for file content cache (C:\Users\ASUS\.gradle\caches\7.4\fileContent)" [_thread_blocked, id=32320, stack(0x000000030c100000,0x000000030c200000)]
  0x0000013a49467c10 JavaThread "jar transforms Thread 6" [_thread_blocked, id=22784, stack(0x000000030c200000,0x000000030c300000)]
  0x0000013a4946c800 JavaThread "jar transforms Thread 7" [_thread_blocked, id=34244, stack(0x000000030c300000,0x000000030c400000)]
  0x0000013a4946cd10 JavaThread "jar transforms Thread 8" [_thread_blocked, id=4324, stack(0x000000030c400000,0x000000030c500000)]
  0x0000013a4946d220 JavaThread "jar transforms Thread 9" [_thread_blocked, id=27408, stack(0x000000030c500000,0x000000030c600000)]
  0x0000013a4946a9a0 JavaThread "jar transforms Thread 10" [_thread_blocked, id=29748, stack(0x000000030c600000,0x000000030c700000)]
  0x0000013a4946c2f0 JavaThread "jar transforms Thread 11" [_thread_blocked, id=34616, stack(0x000000030c700000,0x000000030c800000)]
  0x0000013a4946aeb0 JavaThread "jar transforms Thread 12" [_thread_blocked, id=19200, stack(0x000000030c800000,0x000000030c900000)]
  0x0000013a4946b3c0 JavaThread "jar transforms Thread 13" [_thread_blocked, id=14576, stack(0x000000030c900000,0x000000030ca00000)]
  0x0000013a49469a70 JavaThread "jar transforms Thread 14" [_thread_blocked, id=34704, stack(0x000000030ca00000,0x000000030cb00000)]
  0x0000013a4946d730 JavaThread "jar transforms Thread 15" [_thread_blocked, id=2524, stack(0x000000030cb00000,0x000000030cc00000)]
  0x0000013a49469f80 JavaThread "Cache worker for kotlin-dsl (C:\Users\ASUS\.gradle\caches\7.4\kotlin-dsl)" [_thread_blocked, id=27236, stack(0x000000030cc00000,0x000000030cd00000)]
  0x0000013a4946a490 JavaThread "jar transforms Thread 16" [_thread_blocked, id=34684, stack(0x000000030cd00000,0x000000030ce00000)]
  0x0000013a4946bde0 JavaThread "Cache worker for dependencies-accessors (D:\OneDrive - University of Westminster\Documents\GitHub\ViMusic\.gradle\7.4\dependencies-accessors)" [_thread_blocked, id=33888, stack(0x000000030ce00000,0x000000030cf00000)]
  0x0000013a494662c0 JavaThread "Cache worker for Build Output Cleanup Cache (D:\OneDrive - University of Westminster\Documents\GitHub\ViMusic\.gradle\buildOutputCleanup)" [_thread_blocked, id=13044, stack(0x000000030cf00000,0x000000030d000000)]
  0x0000013a48e66610 JavaThread "Unconstrained build operations" [_thread_blocked, id=14416, stack(0x000000030d000000,0x000000030d100000)]
  0x0000013a48e68980 JavaThread "Unconstrained build operations Thread 2" [_thread_blocked, id=34636, stack(0x000000030d100000,0x000000030d200000)]
  0x0000013a48e67a50 JavaThread "Unconstrained build operations Thread 3" [_thread_blocked, id=25112, stack(0x000000030d200000,0x000000030d300000)]
  0x0000013a48e67f60 JavaThread "Unconstrained build operations Thread 4" [_thread_blocked, id=29412, stack(0x000000030d300000,0x000000030d400000)]
  0x0000013a48e68e90 JavaThread "Unconstrained build operations Thread 5" [_thread_blocked, id=10236, stack(0x000000030d400000,0x000000030d500000)]
  0x0000013a48e693a0 JavaThread "Unconstrained build operations Thread 6" [_thread_blocked, id=35476, stack(0x000000030d500000,0x000000030d600000)]
  0x0000013a48e68470 JavaThread "Unconstrained build operations Thread 7" [_thread_blocked, id=36612, stack(0x000000030d600000,0x000000030d700000)]
  0x0000013a48e67030 JavaThread "Unconstrained build operations Thread 8" [_thread_blocked, id=29284, stack(0x000000030d700000,0x000000030d800000)]
  0x0000013a48e698b0 JavaThread "Unconstrained build operations Thread 9" [_thread_blocked, id=24308, stack(0x000000030d800000,0x000000030d900000)]
  0x0000013a48e69dc0 JavaThread "Unconstrained build operations Thread 10" [_thread_blocked, id=3328, stack(0x000000030d900000,0x000000030da00000)]
  0x0000013a48e6a2d0 JavaThread "Unconstrained build operations Thread 11" [_thread_blocked, id=29768, stack(0x000000030da00000,0x000000030db00000)]
  0x0000013a48e66b20 JavaThread "Unconstrained build operations Thread 12" [_thread_blocked, id=31556, stack(0x000000030db00000,0x000000030dc00000)]
  0x0000013a48e6d060 JavaThread "Unconstrained build operations Thread 13" [_thread_blocked, id=9576, stack(0x000000030dc00000,0x000000030dd00000)]
  0x0000013a48e6acf0 JavaThread "Unconstrained build operations Thread 14" [_thread_blocked, id=23388, stack(0x000000030dd00000,0x000000030de00000)]
  0x0000013a48e6bc20 JavaThread "Unconstrained build operations Thread 15" [_thread_blocked, id=14396, stack(0x000000030de00000,0x000000030df00000)]
  0x0000013a48e6c640 JavaThread "Unconstrained build operations Thread 16" [_thread_blocked, id=12436, stack(0x000000030df00000,0x000000030e000000)]
  0x0000013a48e6cb50 JavaThread "Unconstrained build operations Thread 17" [_thread_blocked, id=7368, stack(0x000000030e000000,0x000000030e100000)]
  0x0000013a48e6d570 JavaThread "Unconstrained build operations Thread 18" [_thread_blocked, id=33540, stack(0x000000030e100000,0x000000030e200000)]
  0x0000013a48e6df90 JavaThread "Unconstrained build operations Thread 19" [_thread_blocked, id=19716, stack(0x000000030e200000,0x000000030e300000)]
  0x0000013a48e6c130 JavaThread "Unconstrained build operations Thread 20" [_thread_blocked, id=7836, stack(0x000000030e300000,0x000000030e400000)]
  0x0000013a48e6da80 JavaThread "Unconstrained build operations Thread 21" [_thread_blocked, id=6564, stack(0x000000030e400000,0x000000030e500000)]
  0x0000013a48e6a7e0 JavaThread "Unconstrained build operations Thread 22" [_thread_blocked, id=10132, stack(0x000000030e500000,0x000000030e600000)]
  0x0000013a48e6b200 JavaThread "Unconstrained build operations Thread 23" [_thread_blocked, id=33224, stack(0x000000030e600000,0x000000030e700000)]
  0x0000013a48e6b710 JavaThread "Unconstrained build operations Thread 24" [_thread_blocked, id=12148, stack(0x000000030e700000,0x000000030e800000)]
  0x0000013a7f8a5fa0 JavaThread "Unconstrained build operations Thread 25" [_thread_blocked, id=32388, stack(0x000000030e800000,0x000000030e900000)]
  0x0000013a7f8a5070 JavaThread "Unconstrained build operations Thread 26" [_thread_blocked, id=19224, stack(0x000000030e900000,0x000000030ea00000)]
  0x0000013a7f8a5580 JavaThread "Unconstrained build operations Thread 27" [_thread_blocked, id=2888, stack(0x000000030ea00000,0x000000030eb00000)]
  0x0000013a7f8a4b60 JavaThread "Unconstrained build operations Thread 28" [_thread_blocked, id=20032, stack(0x000000030eb00000,0x000000030ec00000)]
  0x0000013a7f8a64b0 JavaThread "Unconstrained build operations Thread 29" [_thread_blocked, id=21172, stack(0x000000030ec00000,0x000000030ed00000)]
  0x0000013a7f8a5a90 JavaThread "Unconstrained build operations Thread 30" [_thread_blocked, id=4160, stack(0x000000030ed00000,0x000000030ee00000)]
  0x0000013a7f8a2d00 JavaThread "Unconstrained build operations Thread 31" [_thread_blocked, id=34504, stack(0x000000030ee00000,0x000000030ef00000)]
  0x0000013a7f8a3720 JavaThread "Unconstrained build operations Thread 32" [_thread_blocked, id=16104, stack(0x000000030ef00000,0x000000030f000000)]
  0x0000013a7f8a3c30 JavaThread "Unconstrained build operations Thread 33" [_thread_blocked, id=28240, stack(0x000000030f000000,0x000000030f100000)]
  0x0000013a7f8a69c0 JavaThread "Unconstrained build operations Thread 34" [_thread_blocked, id=26932, stack(0x000000030f100000,0x000000030f200000)]
  0x0000013a7f8a4650 JavaThread "Unconstrained build operations Thread 35" [_thread_blocked, id=35304, stack(0x000000030f200000,0x000000030f300000)]
  0x0000013a7f8a3210 JavaThread "Unconstrained build operations Thread 36" [_thread_blocked, id=34300, stack(0x000000030f300000,0x000000030f400000)]
  0x0000013a7f8a6ed0 JavaThread "Unconstrained build operations Thread 37" [_thread_blocked, id=23764, stack(0x000000030f400000,0x000000030f500000)]
  0x0000013a7f8a73e0 JavaThread "Unconstrained build operations Thread 38" [_thread_blocked, id=36144, stack(0x000000030f500000,0x000000030f600000)]
  0x0000013a7f8a78f0 JavaThread "Unconstrained build operations Thread 39" [_thread_blocked, id=8764, stack(0x000000030f600000,0x000000030f700000)]
  0x0000013a7f8a4140 JavaThread "Unconstrained build operations Thread 40" [_thread_blocked, id=30552, stack(0x000000030f700000,0x000000030f800000)]
  0x0000013a7f8a8d30 JavaThread "Unconstrained build operations Thread 41" [_thread_blocked, id=20832, stack(0x000000030f800000,0x000000030f900000)]
  0x0000013a7f8a7e00 JavaThread "Unconstrained build operations Thread 42" [_thread_blocked, id=7016, stack(0x000000030f900000,0x000000030fa00000)]
  0x0000013a7f8aa170 JavaThread "Unconstrained build operations Thread 43" [_thread_blocked, id=27512, stack(0x000000030fa00000,0x000000030fb00000)]
  0x0000013a7f8a8310 JavaThread "Unconstrained build operations Thread 44" [_thread_blocked, id=33308, stack(0x000000030fb00000,0x000000030fc00000)]
  0x0000013a7f8a9750 JavaThread "Unconstrained build operations Thread 45" [_thread_blocked, id=30568, stack(0x000000030fc00000,0x000000030fd00000)]
  0x0000013a7f8aa680 JavaThread "Unconstrained build operations Thread 46" [_thread_blocked, id=9280, stack(0x000000030fd00000,0x000000030fe00000)]
  0x0000013a7f8a9c60 JavaThread "Unconstrained build operations Thread 47" [_thread_blocked, id=34496, stack(0x000000030fe00000,0x000000030ff00000)]
  0x0000013a7f8a8820 JavaThread "Unconstrained build operations Thread 48" [_thread_blocked, id=23612, stack(0x000000030ff00000,0x0000000310000000)]
  0x0000013a7f8a9240 JavaThread "Unconstrained build operations Thread 49" [_thread_blocked, id=13480, stack(0x0000000310000000,0x0000000310100000)]
  0x0000013a457b0920 JavaThread "Unconstrained build operations Thread 50" [_thread_blocked, id=24392, stack(0x0000000310100000,0x0000000310200000)]
  0x0000013a457b0410 JavaThread "Unconstrained build operations Thread 51" [_thread_blocked, id=27372, stack(0x0000000310200000,0x0000000310300000)]
  0x0000013a457b1d60 JavaThread "Unconstrained build operations Thread 52" [_thread_blocked, id=25144, stack(0x0000000310300000,0x0000000310400000)]
  0x0000013a457b1340 JavaThread "Unconstrained build operations Thread 53" [_thread_blocked, id=27084, stack(0x0000000310400000,0x0000000310500000)]
  0x0000013a457b1850 JavaThread "Unconstrained build operations Thread 54" [_thread_blocked, id=28564, stack(0x0000000310500000,0x0000000310600000)]
  0x0000013a457b2c90 JavaThread "Unconstrained build operations Thread 55" [_thread_blocked, id=2836, stack(0x0000000310600000,0x0000000310700000)]
  0x0000013a457b2270 JavaThread "Unconstrained build operations Thread 56" [_thread_blocked, id=16488, stack(0x0000000310700000,0x0000000310800000)]
  0x0000013a457af9f0 JavaThread "Unconstrained build operations Thread 57" [_thread_blocked, id=3752, stack(0x0000000310800000,0x0000000310900000)]
  0x0000013a457b2780 JavaThread "Unconstrained build operations Thread 58" [_thread_blocked, id=34084, stack(0x0000000310900000,0x0000000310a00000)]
  0x0000013a457b0e30 JavaThread "Unconstrained build operations Thread 59" [_thread_blocked, id=32052, stack(0x0000000310a00000,0x0000000310b00000)]
  0x0000013a457af4e0 JavaThread "Unconstrained build operations Thread 60" [_thread_blocked, id=29420, stack(0x0000000310b00000,0x0000000310c00000)]
  0x0000013a457b36b0 JavaThread "Unconstrained build operations Thread 61" [_thread_blocked, id=18868, stack(0x0000000310c00000,0x0000000310d00000)]
  0x0000013a457b31a0 JavaThread "Unconstrained build operations Thread 62" [_thread_blocked, id=34080, stack(0x0000000310d00000,0x0000000310e00000)]
  0x0000013a457aff00 JavaThread "Unconstrained build operations Thread 63" [_thread_blocked, id=27264, stack(0x0000000310e00000,0x0000000310f00000)]
  0x0000013a457b5f30 JavaThread "Unconstrained build operations Thread 64" [_thread_blocked, id=11240, stack(0x0000000310f00000,0x0000000311000000)]
  0x0000013a457b6440 JavaThread "Unconstrained build operations Thread 65" [_thread_blocked, id=34204, stack(0x0000000311000000,0x0000000311100000)]
  0x0000013a457b6e60 JavaThread "Unconstrained build operations Thread 66" [_thread_blocked, id=3448, stack(0x0000000311100000,0x0000000311200000)]
  0x0000013a457b45e0 JavaThread "Unconstrained build operations Thread 67" [_thread_blocked, id=24824, stack(0x0000000311200000,0x0000000311300000)]
  0x0000013a457b3bc0 JavaThread "Unconstrained build operations Thread 68" [_thread_blocked, id=33020, stack(0x0000000311300000,0x0000000311400000)]
  0x0000013a457b4af0 JavaThread "Unconstrained build operations Thread 69" [_thread_blocked, id=31104, stack(0x0000000311400000,0x0000000311500000)]
  0x0000013a457b40d0 JavaThread "Unconstrained build operations Thread 70" [_thread_blocked, id=36796, stack(0x0000000311500000,0x0000000311600000)]
  0x0000013a457b5000 JavaThread "Unconstrained build operations Thread 71" [_thread_blocked, id=28844, stack(0x0000000311600000,0x0000000311700000)]
  0x0000013a457b5510 JavaThread "Unconstrained build operations Thread 72" [_thread_blocked, id=35200, stack(0x0000000311700000,0x0000000311800000)]
  0x0000013a457b6950 JavaThread "Unconstrained build operations Thread 73" [_thread_blocked, id=33408, stack(0x0000000311800000,0x0000000311900000)]
  0x0000013a457b5a20 JavaThread "Unconstrained build operations Thread 74" [_thread_blocked, id=23328, stack(0x0000000311900000,0x0000000311a00000)]
  0x0000013a451509e0 JavaThread "Unconstrained build operations Thread 75" [_thread_blocked, id=22900, stack(0x0000000311a00000,0x0000000311b00000)]
  0x0000013a4514ffc0 JavaThread "Unconstrained build operations Thread 76" [_thread_blocked, id=14028, stack(0x0000000311b00000,0x0000000311c00000)]
  0x0000013a4514dc50 JavaThread "Unconstrained build operations Thread 77" [_thread_blocked, id=34156, stack(0x0000000311c00000,0x0000000311d00000)]
  0x0000013a4514e160 JavaThread "Unconstrained build operations Thread 78" [_thread_blocked, id=31832, stack(0x0000000311d00000,0x0000000311e00000)]
  0x0000013a451504d0 JavaThread "Unconstrained build operations Thread 79" [_thread_blocked, id=26964, stack(0x0000000311e00000,0x0000000311f00000)]
  0x0000013a4514eb80 JavaThread "Unconstrained build operations Thread 80" [_thread_blocked, id=24356, stack(0x0000000311f00000,0x0000000312000000)]
  0x0000013a4514e670 JavaThread "Unconstrained build operations Thread 81" [_thread_blocked, id=33996, stack(0x0000000312000000,0x0000000312100000)]
  0x0000013a4514d230 JavaThread "Unconstrained build operations Thread 82" [_thread_blocked, id=23704, stack(0x0000000312100000,0x0000000312200000)]
  0x0000013a4514f5a0 JavaThread "Unconstrained build operations Thread 83" [_thread_blocked, id=34988, stack(0x0000000312200000,0x0000000312300000)]
  0x0000013a4514f090 JavaThread "Unconstrained build operations Thread 84" [_thread_blocked, id=21356, stack(0x0000000312300000,0x0000000312400000)]
  0x0000013a4514d740 JavaThread "Unconstrained build operations Thread 85" [_thread_blocked, id=13892, stack(0x0000000312400000,0x0000000312500000)]
  0x0000013a45150ef0 JavaThread "Unconstrained build operations Thread 86" [_thread_blocked, id=25540, stack(0x0000000312500000,0x0000000312600000)]
  0x0000013a45151e20 JavaThread "Unconstrained build operations Thread 87" [_thread_blocked, id=24064, stack(0x0000000312600000,0x0000000312700000)]
  0x0000013a45151400 JavaThread "Unconstrained build operations Thread 88" [_thread_blocked, id=11528, stack(0x0000000312700000,0x0000000312800000)]
  0x0000013a45151910 JavaThread "Unconstrained build operations Thread 89" [_thread_blocked, id=36776, stack(0x0000000312800000,0x0000000312900000)]
  0x0000013a45152330 JavaThread "Unconstrained build operations Thread 90" [_thread_blocked, id=34532, stack(0x0000000312900000,0x0000000312a00000)]
  0x0000013a45152840 JavaThread "Unconstrained build operations Thread 91" [_thread_blocked, id=16276, stack(0x0000000312a00000,0x0000000312b00000)]
  0x0000013a45152d50 JavaThread "Unconstrained build operations Thread 92" [_thread_blocked, id=7248, stack(0x0000000312b00000,0x0000000312c00000)]
  0x0000013a45153260 JavaThread "Unconstrained build operations Thread 93" [_thread_blocked, id=32440, stack(0x0000000312c00000,0x0000000312d00000)]
  0x0000013a4514fab0 JavaThread "Unconstrained build operations Thread 94" [_thread_blocked, id=29276, stack(0x0000000312d00000,0x0000000312e00000)]
  0x0000013a45153770 JavaThread "Unconstrained build operations Thread 95" [_thread_blocked, id=26832, stack(0x0000000312e00000,0x0000000312f00000)]
  0x0000013a451546a0 JavaThread "Unconstrained build operations Thread 96" [_thread_blocked, id=27044, stack(0x0000000312f00000,0x0000000313000000)]
  0x0000013a45154bb0 JavaThread "Unconstrained build operations Thread 97" [_thread_blocked, id=18360, stack(0x0000000313000000,0x0000000313100000)]
  0x0000013a45153c80 JavaThread "Unconstrained build operations Thread 98" [_thread_blocked, id=22924, stack(0x0000000313100000,0x0000000313200000)]
  0x0000013a4be7fe30 JavaThread "Unconstrained build operations Thread 99" [_thread_blocked, id=11444, stack(0x0000000313200000,0x0000000313300000)]
  0x0000013a4be826b0 JavaThread "Unconstrained build operations Thread 100" [_thread_blocked, id=31836, stack(0x0000000313300000,0x0000000313400000)]
  0x0000013a4be7ef00 JavaThread "Unconstrained build operations Thread 101" [_thread_blocked, id=11724, stack(0x0000000313400000,0x0000000313500000)]
  0x0000013a4be7f410 JavaThread "Unconstrained build operations Thread 102" [_thread_blocked, id=6364, stack(0x0000000313500000,0x0000000313600000)]
  0x0000013a4be80340 JavaThread "Unconstrained build operations Thread 103" [_thread_blocked, id=27088, stack(0x0000000313600000,0x0000000313700000)]
  0x0000013a4be81780 JavaThread "Unconstrained build operations Thread 104" [_thread_blocked, id=29360, stack(0x0000000313700000,0x0000000313800000)]
  0x0000013a4be7f920 JavaThread "Unconstrained build operations Thread 105" [_thread_blocked, id=24044, stack(0x0000000313800000,0x0000000313900000)]
  0x0000013a4be821a0 JavaThread "Unconstrained build operations Thread 106" [_thread_blocked, id=33916, stack(0x0000000313900000,0x0000000313a00000)]
  0x0000013a4be81270 JavaThread "Unconstrained build operations Thread 107" [_thread_blocked, id=29460, stack(0x0000000313a00000,0x0000000313b00000)]
  0x0000013a4be835e0 JavaThread "Unconstrained build operations Thread 108" [_thread_blocked, id=19132, stack(0x0000000313b00000,0x0000000313c00000)]
  0x0000013a4be81c90 JavaThread "Unconstrained build operations Thread 109" [_thread_blocked, id=5736, stack(0x0000000313c00000,0x0000000313d00000)]
  0x0000013a4be80d60 JavaThread "Unconstrained build operations Thread 110" [_thread_blocked, id=19648, stack(0x0000000313d00000,0x0000000313e00000)]
  0x0000013a4be82bc0 JavaThread "Unconstrained build operations Thread 111" [_thread_blocked, id=32152, stack(0x0000000313e00000,0x0000000313f00000)]
  0x0000013a4be830d0 JavaThread "Unconstrained build operations Thread 112" [_thread_blocked, id=11712, stack(0x0000000313f00000,0x0000000314000000)]
  0x0000013a4be83af0 JavaThread "Unconstrained build operations Thread 113" [_thread_blocked, id=19780, stack(0x0000000314000000,0x0000000314100000)]
  0x0000013a4be84000 JavaThread "Unconstrained build operations Thread 114" [_thread_blocked, id=23800, stack(0x0000000314100000,0x0000000314200000)]
  0x0000013a4be80850 JavaThread "Unconstrained build operations Thread 115" [_thread_blocked, id=16804, stack(0x0000000314200000,0x0000000314300000)]
  0x0000013a4be85440 JavaThread "Unconstrained build operations Thread 116" [_thread_blocked, id=36240, stack(0x0000000314300000,0x0000000314400000)]
  0x0000013a4be84510 JavaThread "Unconstrained build operations Thread 117" [_thread_blocked, id=36432, stack(0x0000000314400000,0x0000000314500000)]
  0x0000013a4be86370 JavaThread "Unconstrained build operations Thread 118" [_thread_blocked, id=19444, stack(0x0000000314500000,0x0000000314600000)]
  0x0000013a4be86880 JavaThread "Unconstrained build operations Thread 119" [_thread_blocked, id=35948, stack(0x0000000314600000,0x0000000314700000)]
  0x0000013a4be85e60 JavaThread "Unconstrained build operations Thread 120" [_thread_blocked, id=33616, stack(0x0000000314700000,0x0000000314800000)]
  0x0000013a4be84a20 JavaThread "Unconstrained build operations Thread 121" [_thread_blocked, id=33144, stack(0x0000000314800000,0x0000000314900000)]
  0x0000013a4be84f30 JavaThread "Unconstrained build operations Thread 122" [_thread_blocked, id=26416, stack(0x0000000314900000,0x0000000314a00000)]
  0x0000013a4be85950 JavaThread "Unconstrained build operations Thread 123" [_thread_blocked, id=7476, stack(0x0000000314a00000,0x0000000314b00000)]
  0x0000013a45154190 JavaThread "Unconstrained build operations Thread 124" [_thread_blocked, id=24740, stack(0x0000000314b00000,0x0000000314c00000)]
  0x0000013a4d260b50 JavaThread "Unconstrained build operations Thread 125" [_thread_blocked, id=25212, stack(0x0000000314c00000,0x0000000314d00000)]
  0x0000013a4d25f710 JavaThread "Unconstrained build operations Thread 126" [_thread_blocked, id=35772, stack(0x0000000314d00000,0x0000000314e00000)]
  0x0000013a4d25ddc0 JavaThread "Unconstrained build operations Thread 127" [_thread_blocked, id=24580, stack(0x0000000314e00000,0x0000000314f00000)]
  0x0000013a4d25e7e0 JavaThread "Unconstrained build operations Thread 128" [_thread_blocked, id=19052, stack(0x0000000314f00000,0x0000000315000000)]
  0x0000013a4d260640 JavaThread "Unconstrained build operations Thread 129" [_thread_blocked, id=27012, stack(0x0000000315000000,0x0000000315100000)]
  0x0000013a4d25ecf0 JavaThread "Unconstrained build operations Thread 130" [_thread_blocked, id=15276, stack(0x0000000315100000,0x0000000315200000)]
  0x0000013a4d261060 JavaThread "Unconstrained build operations Thread 131" [_thread_blocked, id=27208, stack(0x0000000315200000,0x0000000315300000)]
  0x0000013a4d25fc20 JavaThread "Unconstrained build operations Thread 132" [_thread_blocked, id=10604, stack(0x0000000315300000,0x0000000315400000)]
  0x0000013a4d25d8b0 JavaThread "Unconstrained build operations Thread 133" [_thread_blocked, id=25396, stack(0x0000000315400000,0x0000000315500000)]
  0x0000013a4d261570 JavaThread "Unconstrained build operations Thread 134" [_thread_blocked, id=28676, stack(0x0000000315500000,0x0000000315600000)]
  0x0000013a4d261a80 JavaThread "Unconstrained build operations Thread 135" [_thread_blocked, id=23424, stack(0x0000000315600000,0x0000000315700000)]
  0x0000013a4d25e2d0 JavaThread "Unconstrained build operations Thread 136" [_thread_blocked, id=15800, stack(0x0000000315700000,0x0000000315800000)]
  0x0000013a4d261f90 JavaThread "Unconstrained build operations Thread 137" [_thread_blocked, id=34732, stack(0x0000000315800000,0x0000000315900000)]
  0x0000013a4d2624a0 JavaThread "Unconstrained build operations Thread 138" [_thread_blocked, id=3396, stack(0x0000000315900000,0x0000000315a00000)]
  0x0000013a4d2629b0 JavaThread "Unconstrained build operations Thread 139" [_thread_blocked, id=19228, stack(0x0000000315a00000,0x0000000315b00000)]
  0x0000013a4d25f200 JavaThread "Unconstrained build operations Thread 140" [_thread_blocked, id=36488, stack(0x0000000315b00000,0x0000000315c00000)]
  0x0000013a4d262ec0 JavaThread "Unconstrained build operations Thread 141" [_thread_blocked, id=30896, stack(0x0000000315c00000,0x0000000315d00000)]
  0x0000013a4d2633d0 JavaThread "Unconstrained build operations Thread 142" [_thread_blocked, id=35700, stack(0x0000000315d00000,0x0000000315e00000)]
  0x0000013a4d2638e0 JavaThread "Unconstrained build operations Thread 143" [_thread_blocked, id=33700, stack(0x0000000315e00000,0x0000000315f00000)]
  0x0000013a4d260130 JavaThread "Unconstrained build operations Thread 144" [_thread_blocked, id=31564, stack(0x0000000315f00000,0x0000000316000000)]
  0x0000013a4d263df0 JavaThread "Unconstrained build operations Thread 145" [_thread_blocked, id=2164, stack(0x0000000316000000,0x0000000316100000)]
  0x0000013a4d264300 JavaThread "Unconstrained build operations Thread 146" [_thread_blocked, id=18276, stack(0x0000000316100000,0x0000000316200000)]
  0x0000013a4d264810 JavaThread "Unconstrained build operations Thread 147" [_thread_blocked, id=27272, stack(0x0000000316200000,0x0000000316300000)]
  0x0000013a4ceca950 JavaThread "Memory manager" [_thread_blocked, id=35724, stack(0x0000000316300000,0x0000000316400000)]
=>0x0000013a4955dd20 JavaThread "C2 CompilerThread1" daemon [_thread_in_native, id=35800, stack(0x0000000309400000,0x0000000309500000)]
  0x0000013a49561ce0 JavaThread "C2 CompilerThread2" daemon [_thread_in_native, id=36728, stack(0x0000000309500000,0x0000000309600000)]

Other Threads:
  0x0000013a7ee1de50 VMThread "VM Thread" [stack: 0x0000000308600000,0x0000000308700000] [id=2656]
  0x0000013a60b6bfc0 WatcherThread [stack: 0x0000000309300000,0x0000000309400000] [id=13564]
  0x0000013a60b09a90 GCTaskThread "GC Thread#0" [stack: 0x0000000308100000,0x0000000308200000] [id=27260]
  0x0000013a45df2960 GCTaskThread "GC Thread#1" [stack: 0x0000000309900000,0x0000000309a00000] [id=15612]
  0x0000013a45df3030 GCTaskThread "GC Thread#2" [stack: 0x0000000309a00000,0x0000000309b00000] [id=34480]
  0x0000013a45df32f0 GCTaskThread "GC Thread#3" [stack: 0x0000000309b00000,0x0000000309c00000] [id=14104]
  0x0000013a4587e130 GCTaskThread "GC Thread#4" [stack: 0x0000000309c00000,0x0000000309d00000] [id=13980]
  0x0000013a45cf6030 GCTaskThread "GC Thread#5" [stack: 0x0000000309d00000,0x0000000309e00000] [id=36772]
  0x0000013a47933700 GCTaskThread "GC Thread#6" [stack: 0x000000030b100000,0x000000030b200000] [id=36712]
  0x0000013a45b67a00 GCTaskThread "GC Thread#7" [stack: 0x000000030b200000,0x000000030b300000] [id=29348]
  0x0000013a482070f0 GCTaskThread "GC Thread#8" [stack: 0x000000030b300000,0x000000030b400000] [id=28748]
  0x0000013a49226080 GCTaskThread "GC Thread#9" [stack: 0x000000030b400000,0x000000030b500000] [id=24352]
  0x0000013a49226b80 GCTaskThread "GC Thread#10" [stack: 0x000000030b500000,0x000000030b600000] [id=25512]
  0x0000013a49227c00 GCTaskThread "GC Thread#11" [stack: 0x000000030b600000,0x000000030b700000] [id=29248]
  0x0000013a49226600 GCTaskThread "GC Thread#12" [stack: 0x000000030b700000,0x000000030b800000] [id=32156]
  0x0000013a60b1a8f0 ConcurrentGCThread "G1 Main Marker" [stack: 0x0000000308200000,0x0000000308300000] [id=19084]
  0x0000013a60b1bee0 ConcurrentGCThread "G1 Conc#0" [stack: 0x0000000308300000,0x0000000308400000] [id=27576]
  0x0000013a49226e40 ConcurrentGCThread "G1 Conc#1" [stack: 0x000000030b800000,0x000000030b900000] [id=13040]
  0x0000013a49226340 ConcurrentGCThread "G1 Conc#2" [stack: 0x000000030b900000,0x000000030ba00000] [id=24180]
  0x0000013a7ecdb1f0 ConcurrentGCThread "G1 Refine#0" [stack: 0x0000000308400000,0x0000000308500000] [id=7928]
  0x0000013a7ecdb8d0 ConcurrentGCThread "G1 Service" [stack: 0x0000000308500000,0x0000000308600000] [id=34360]

Threads with active compile tasks:
C1 CompilerThread0    14022 10090       3       com.android.build.api.artifact.impl.SingleArtifactContainer::<init> (66 bytes)
C2 CompilerThread1    14026 10037 %     4       org.gradle.internal.instantiation.generator.AbstractClassGenerator::inspectType @ 77 (560 bytes)
C2 CompilerThread2    14026 10088   !   4       jdk.internal.loader.URLClassPath$FileLoader::getResource (164 bytes)

VM state: not at safepoint (normal execution)

VM Mutex/Monitor currently owned by a thread: None

Heap address: 0x0000000080000000, size: 2048 MB, Compressed Oops mode: 32-bit

CDS archive(s) mapped at: [0x0000013a00000000-0x0000013a00bd0000-0x0000013a00bd0000), size 12386304, SharedBaseAddress: 0x0000013a00000000, ArchiveRelocationMode: 1.
Compressed class space mapped at: 0x0000013a01000000-0x0000013a41000000, reserved size: 1073741824
Narrow klass base: 0x0000013a00000000, Narrow klass shift: 0, Narrow klass range: 0x100000000

GC Precious Log:
 CPUs: 16 total, 16 available
 Memory: 16202M
 Large Page Support: Disabled
 NUMA Support: Disabled
 Compressed Oops: Enabled (32-bit)
 Heap Region Size: 1M
 Heap Min Capacity: 8M
 Heap Initial Capacity: 254M
 Heap Max Capacity: 2G
 Pre-touch: Disabled
 Parallel Workers: 13
 Concurrent Workers: 3
 Concurrent Refinement Workers: 13
 Periodic GC: Disabled

Heap:
 garbage-first heap   total 136192K, used 93768K [0x0000000080000000, 0x0000000100000000)
  region size 1024K, 18 young (18432K), 1 survivors (1024K)
 Metaspace       used 75708K, committed 76480K, reserved 1179648K
  class space    used 10377K, committed 10752K, reserved 1048576K

Heap Regions: E=young(eden), S=young(survivor), O=old, HS=humongous(starts), HC=humongous(continues), CS=collection set, F=free, OA=open archive, CA=closed archive, TAMS=top-at-mark-start (previous, next)
|   0|0x0000000080000000, 0x0000000080100000, 0x0000000080100000|100%| O|  |TAMS 0x0000000080100000, 0x0000000080000000| Untracked 
|   1|0x0000000080100000, 0x0000000080200000, 0x0000000080200000|100%| O|  |TAMS 0x0000000080200000, 0x0000000080100000| Untracked 
|   2|0x0000000080200000, 0x0000000080300000, 0x0000000080300000|100%| O|  |TAMS 0x0000000080300000, 0x0000000080200000| Untracked 
|   3|0x0000000080300000, 0x0000000080400000, 0x0000000080400000|100%|HS|  |TAMS 0x0000000080400000, 0x0000000080300000| Complete 
|   4|0x0000000080400000, 0x0000000080500000, 0x0000000080500000|100%|HC|  |TAMS 0x0000000080500000, 0x0000000080400000| Complete 
|   5|0x0000000080500000, 0x0000000080600000, 0x0000000080600000|100%|HC|  |TAMS 0x0000000080600000, 0x0000000080500000| Complete 
|   6|0x0000000080600000, 0x0000000080700000, 0x0000000080700000|100%| O|  |TAMS 0x0000000080700000, 0x0000000080600000| Untracked 
|   7|0x0000000080700000, 0x0000000080800000, 0x0000000080800000|100%| O|  |TAMS 0x0000000080800000, 0x0000000080700000| Untracked 
|   8|0x0000000080800000, 0x0000000080900000, 0x0000000080900000|100%| O|  |TAMS 0x0000000080900000, 0x0000000080800000| Untracked 
|   9|0x0000000080900000, 0x0000000080a00000, 0x0000000080a00000|100%| O|  |TAMS 0x0000000080a00000, 0x0000000080900000| Untracked 
|  10|0x0000000080a00000, 0x0000000080b00000, 0x0000000080b00000|100%| O|  |TAMS 0x0000000080b00000, 0x0000000080a00000| Untracked 
|  11|0x0000000080b00000, 0x0000000080c00000, 0x0000000080c00000|100%| O|  |TAMS 0x0000000080c00000, 0x0000000080b00000| Untracked 
|  12|0x0000000080c00000, 0x0000000080d00000, 0x0000000080d00000|100%| O|  |TAMS 0x0000000080d00000, 0x0000000080c00000| Untracked 
|  13|0x0000000080d00000, 0x0000000080e00000, 0x0000000080e00000|100%| O|  |TAMS 0x0000000080e00000, 0x0000000080d00000| Untracked 
|  14|0x0000000080e00000, 0x0000000080f00000, 0x0000000080f00000|100%| O|  |TAMS 0x0000000080f00000, 0x0000000080e00000| Untracked 
|  15|0x0000000080f00000, 0x0000000081000000, 0x0000000081000000|100%| O|  |TAMS 0x0000000081000000, 0x0000000080f00000| Untracked 
|  16|0x0000000081000000, 0x0000000081100000, 0x0000000081100000|100%| O|  |TAMS 0x0000000081100000, 0x0000000081000000| Untracked 
|  17|0x0000000081100000, 0x0000000081200000, 0x0000000081200000|100%| O|  |TAMS 0x0000000081200000, 0x0000000081100000| Untracked 
|  18|0x0000000081200000, 0x0000000081300000, 0x0000000081300000|100%| O|  |TAMS 0x0000000081300000, 0x0000000081200000| Untracked 
|  19|0x0000000081300000, 0x0000000081400000, 0x0000000081400000|100%| O|  |TAMS 0x0000000081400000, 0x0000000081300000| Untracked 
|  20|0x0000000081400000, 0x0000000081500000, 0x0000000081500000|100%| O|  |TAMS 0x0000000081500000, 0x0000000081400000| Untracked 
|  21|0x0000000081500000, 0x0000000081600000, 0x0000000081600000|100%| O|  |TAMS 0x0000000081600000, 0x0000000081500000| Untracked 
|  22|0x0000000081600000, 0x0000000081700000, 0x0000000081700000|100%| O|  |TAMS 0x0000000081700000, 0x0000000081600000| Untracked 
|  23|0x0000000081700000, 0x0000000081800000, 0x0000000081800000|100%| O|  |TAMS 0x0000000081800000, 0x0000000081700000| Untracked 
|  24|0x0000000081800000, 0x0000000081900000, 0x0000000081900000|100%| O|  |TAMS 0x0000000081900000, 0x0000000081800000| Untracked 
|  25|0x0000000081900000, 0x0000000081a00000, 0x0000000081a00000|100%| O|  |TAMS 0x0000000081a00000, 0x0000000081900000| Untracked 
|  26|0x0000000081a00000, 0x0000000081b00000, 0x0000000081b00000|100%| O|  |TAMS 0x0000000081b00000, 0x0000000081a00000| Untracked 
|  27|0x0000000081b00000, 0x0000000081c00000, 0x0000000081c00000|100%| O|  |TAMS 0x0000000081c00000, 0x0000000081b00000| Untracked 
|  28|0x0000000081c00000, 0x0000000081d00000, 0x0000000081d00000|100%| O|  |TAMS 0x0000000081d00000, 0x0000000081c00000| Untracked 
|  29|0x0000000081d00000, 0x0000000081e00000, 0x0000000081e00000|100%| O|  |TAMS 0x0000000081e00000, 0x0000000081d00000| Untracked 
|  30|0x0000000081e00000, 0x0000000081f00000, 0x0000000081f00000|100%| O|  |TAMS 0x0000000081f00000, 0x0000000081e00000| Untracked 
|  31|0x0000000081f00000, 0x0000000082000000, 0x0000000082000000|100%| O|  |TAMS 0x0000000082000000, 0x0000000081f00000| Untracked 
|  32|0x0000000082000000, 0x0000000082100000, 0x0000000082100000|100%| O|  |TAMS 0x0000000082100000, 0x0000000082000000| Untracked 
|  33|0x0000000082100000, 0x0000000082100000, 0x0000000082200000|  0%| F|  |TAMS 0x0000000082100000, 0x0000000082100000| Untracked 
|  34|0x0000000082200000, 0x0000000082300000, 0x0000000082300000|100%| O|  |TAMS 0x0000000082300000, 0x0000000082200000| Untracked 
|  35|0x0000000082300000, 0x0000000082400000, 0x0000000082400000|100%| O|  |TAMS 0x0000000082400000, 0x0000000082300000| Untracked 
|  36|0x0000000082400000, 0x0000000082500000, 0x0000000082500000|100%| O|  |TAMS 0x0000000082500000, 0x0000000082400000| Untracked 
|  37|0x0000000082500000, 0x0000000082600000, 0x0000000082600000|100%| O|  |TAMS 0x0000000082600000, 0x0000000082500000| Untracked 
|  38|0x0000000082600000, 0x0000000082700000, 0x0000000082700000|100%| O|  |TAMS 0x0000000082700000, 0x0000000082600000| Untracked 
|  39|0x0000000082700000, 0x0000000082800000, 0x0000000082800000|100%| O|  |TAMS 0x0000000082800000, 0x0000000082700000| Untracked 
|  40|0x0000000082800000, 0x0000000082900000, 0x0000000082900000|100%| O|  |TAMS 0x0000000082900000, 0x0000000082800000| Untracked 
|  41|0x0000000082900000, 0x0000000082a00000, 0x0000000082a00000|100%| O|  |TAMS 0x0000000082a00000, 0x0000000082900000| Untracked 
|  42|0x0000000082a00000, 0x0000000082b00000, 0x0000000082b00000|100%|HS|  |TAMS 0x0000000082b00000, 0x0000000082a00000| Complete 
|  43|0x0000000082b00000, 0x0000000082c00000, 0x0000000082c00000|100%|HS|  |TAMS 0x0000000082c00000, 0x0000000082b00000| Complete 
|  44|0x0000000082c00000, 0x0000000082d00000, 0x0000000082d00000|100%|HS|  |TAMS 0x0000000082d00000, 0x0000000082c00000| Complete 
|  45|0x0000000082d00000, 0x0000000082e00000, 0x0000000082e00000|100%| O|  |TAMS 0x0000000082e00000, 0x0000000082d00000| Untracked 
|  46|0x0000000082e00000, 0x0000000082f00000, 0x0000000082f00000|100%|HS|  |TAMS 0x0000000082f00000, 0x0000000082e00000| Complete 
|  47|0x0000000082f00000, 0x0000000083000000, 0x0000000083000000|100%|HC|  |TAMS 0x0000000083000000, 0x0000000082f00000| Complete 
|  48|0x0000000083000000, 0x0000000083100000, 0x0000000083100000|100%|HC|  |TAMS 0x0000000083100000, 0x0000000083000000| Complete 
|  49|0x0000000083100000, 0x0000000083200000, 0x0000000083200000|100%|HC|  |TAMS 0x0000000083200000, 0x0000000083100000| Complete 
|  50|0x0000000083200000, 0x0000000083300000, 0x0000000083300000|100%| O|  |TAMS 0x0000000083300000, 0x0000000083200000| Untracked 
|  51|0x0000000083300000, 0x0000000083400000, 0x0000000083400000|100%|HS|  |TAMS 0x0000000083400000, 0x0000000083300000| Complete 
|  52|0x0000000083400000, 0x0000000083500000, 0x0000000083500000|100%|HC|  |TAMS 0x0000000083500000, 0x0000000083400000| Complete 
|  53|0x0000000083500000, 0x0000000083600000, 0x0000000083600000|100%| O|  |TAMS 0x0000000083600000, 0x0000000083500000| Untracked 
|  54|0x0000000083600000, 0x0000000083700000, 0x0000000083700000|100%| O|  |TAMS 0x0000000083700000, 0x0000000083600000| Untracked 
|  55|0x0000000083700000, 0x0000000083800000, 0x0000000083800000|100%| O|  |TAMS 0x0000000083800000, 0x0000000083700000| Untracked 
|  56|0x0000000083800000, 0x0000000083900000, 0x0000000083900000|100%| O|  |TAMS 0x0000000083900000, 0x0000000083800000| Untracked 
|  57|0x0000000083900000, 0x0000000083a00000, 0x0000000083a00000|100%| O|  |TAMS 0x0000000083a00000, 0x0000000083900000| Untracked 
|  58|0x0000000083a00000, 0x0000000083b00000, 0x0000000083b00000|100%| O|  |TAMS 0x0000000083b00000, 0x0000000083a00000| Untracked 
|  59|0x0000000083b00000, 0x0000000083c00000, 0x0000000083c00000|100%| O|  |TAMS 0x0000000083c00000, 0x0000000083b00000| Untracked 
|  60|0x0000000083c00000, 0x0000000083d00000, 0x0000000083d00000|100%| O|  |TAMS 0x0000000083d00000, 0x0000000083c00000| Untracked 
|  61|0x0000000083d00000, 0x0000000083e00000, 0x0000000083e00000|100%| O|  |TAMS 0x0000000083e00000, 0x0000000083d00000| Untracked 
|  62|0x0000000083e00000, 0x0000000083f00000, 0x0000000083f00000|100%| O|  |TAMS 0x0000000083e31800, 0x0000000083e00000| Untracked 
|  63|0x0000000083f00000, 0x0000000084000000, 0x0000000084000000|100%| O|  |TAMS 0x0000000083f00000, 0x0000000083f00000| Untracked 
|  64|0x0000000084000000, 0x0000000084100000, 0x0000000084100000|100%| O|  |TAMS 0x0000000084000000, 0x0000000084000000| Untracked 
|  65|0x0000000084100000, 0x0000000084200000, 0x0000000084200000|100%| O|  |TAMS 0x0000000084200000, 0x0000000084100000| Untracked 
|  66|0x0000000084200000, 0x0000000084300000, 0x0000000084300000|100%| O|  |TAMS 0x0000000084300000, 0x0000000084200000| Untracked 
|  67|0x0000000084300000, 0x0000000084400000, 0x0000000084400000|100%| O|  |TAMS 0x0000000084400000, 0x0000000084300000| Untracked 
|  68|0x0000000084400000, 0x0000000084500000, 0x0000000084500000|100%| O|  |TAMS 0x0000000084500000, 0x0000000084400000| Untracked 
|  69|0x0000000084500000, 0x0000000084600000, 0x0000000084600000|100%| O|  |TAMS 0x0000000084600000, 0x0000000084500000| Untracked 
|  70|0x0000000084600000, 0x0000000084700000, 0x0000000084700000|100%| O|  |TAMS 0x0000000084600000, 0x0000000084600000| Untracked 
|  71|0x0000000084700000, 0x0000000084800000, 0x0000000084800000|100%| O|  |TAMS 0x0000000084700000, 0x0000000084700000| Untracked 
|  72|0x0000000084800000, 0x0000000084900000, 0x0000000084900000|100%| O|  |TAMS 0x0000000084800000, 0x0000000084800000| Untracked 
|  73|0x0000000084900000, 0x0000000084a00000, 0x0000000084a00000|100%| O|  |TAMS 0x0000000084900000, 0x0000000084900000| Untracked 
|  74|0x0000000084a00000, 0x0000000084b00000, 0x0000000084b00000|100%| O|  |TAMS 0x0000000084a00000, 0x0000000084a00000| Untracked 
|  75|0x0000000084b00000, 0x0000000084be2800, 0x0000000084c00000| 88%| O|  |TAMS 0x0000000084b00000, 0x0000000084b00000| Untracked 
|  76|0x0000000084c00000, 0x0000000084c00000, 0x0000000084d00000|  0%| F|  |TAMS 0x0000000084c00000, 0x0000000084c00000| Untracked 
|  77|0x0000000084d00000, 0x0000000084d00000, 0x0000000084e00000|  0%| F|  |TAMS 0x0000000084d00000, 0x0000000084d00000| Untracked 
|  78|0x0000000084e00000, 0x0000000084e00000, 0x0000000084f00000|  0%| F|  |TAMS 0x0000000084e00000, 0x0000000084e00000| Untracked 
|  79|0x0000000084f00000, 0x0000000084f00000, 0x0000000085000000|  0%| F|  |TAMS 0x0000000084f00000, 0x0000000084f00000| Untracked 
|  80|0x0000000085000000, 0x0000000085000000, 0x0000000085100000|  0%| F|  |TAMS 0x0000000085000000, 0x0000000085000000| Untracked 
|  81|0x0000000085100000, 0x0000000085100000, 0x0000000085200000|  0%| F|  |TAMS 0x0000000085100000, 0x0000000085100000| Untracked 
|  82|0x0000000085200000, 0x0000000085200000, 0x0000000085300000|  0%| F|  |TAMS 0x0000000085200000, 0x0000000085200000| Untracked 
|  83|0x0000000085300000, 0x0000000085300000, 0x0000000085400000|  0%| F|  |TAMS 0x0000000085300000, 0x0000000085300000| Untracked 
|  84|0x0000000085400000, 0x0000000085400000, 0x0000000085500000|  0%| F|  |TAMS 0x0000000085400000, 0x0000000085400000| Untracked 
|  85|0x0000000085500000, 0x0000000085500000, 0x0000000085600000|  0%| F|  |TAMS 0x0000000085500000, 0x0000000085500000| Untracked 
|  86|0x0000000085600000, 0x0000000085600000, 0x0000000085700000|  0%| F|  |TAMS 0x0000000085600000, 0x0000000085600000| Untracked 
|  87|0x0000000085700000, 0x0000000085700000, 0x0000000085800000|  0%| F|  |TAMS 0x0000000085700000, 0x0000000085700000| Untracked 
|  88|0x0000000085800000, 0x0000000085800000, 0x0000000085900000|  0%| F|  |TAMS 0x0000000085800000, 0x0000000085800000| Untracked 
|  89|0x0000000085900000, 0x0000000085900000, 0x0000000085a00000|  0%| F|  |TAMS 0x0000000085900000, 0x0000000085900000| Untracked 
|  90|0x0000000085a00000, 0x0000000085a00000, 0x0000000085b00000|  0%| F|  |TAMS 0x0000000085a00000, 0x0000000085a00000| Untracked 
|  91|0x0000000085b00000, 0x0000000085b00000, 0x0000000085c00000|  0%| F|  |TAMS 0x0000000085b00000, 0x0000000085b00000| Untracked 
|  92|0x0000000085c00000, 0x0000000085c00000, 0x0000000085d00000|  0%| F|  |TAMS 0x0000000085c00000, 0x0000000085c00000| Untracked 
|  93|0x0000000085d00000, 0x0000000085d00000, 0x0000000085e00000|  0%| F|  |TAMS 0x0000000085d00000, 0x0000000085d00000| Untracked 
|  94|0x0000000085e00000, 0x0000000085e00000, 0x0000000085f00000|  0%| F|  |TAMS 0x0000000085e00000, 0x0000000085e00000| Untracked 
|  95|0x0000000085f00000, 0x0000000085f00000, 0x0000000086000000|  0%| F|  |TAMS 0x0000000085f00000, 0x0000000085f00000| Untracked 
|  96|0x0000000086000000, 0x0000000086000000, 0x0000000086100000|  0%| F|  |TAMS 0x0000000086000000, 0x0000000086000000| Untracked 
|  97|0x0000000086100000, 0x0000000086100000, 0x0000000086200000|  0%| F|  |TAMS 0x0000000086100000, 0x0000000086100000| Untracked 
|  98|0x0000000086200000, 0x0000000086200000, 0x0000000086300000|  0%| F|  |TAMS 0x0000000086200000, 0x0000000086200000| Untracked 
|  99|0x0000000086300000, 0x0000000086300000, 0x0000000086400000|  0%| F|  |TAMS 0x0000000086300000, 0x0000000086300000| Untracked 
| 100|0x0000000086400000, 0x0000000086400000, 0x0000000086500000|  0%| F|  |TAMS 0x0000000086400000, 0x0000000086400000| Untracked 
| 101|0x0000000086500000, 0x0000000086500000, 0x0000000086600000|  0%| F|  |TAMS 0x0000000086500000, 0x0000000086500000| Untracked 
| 102|0x0000000086600000, 0x0000000086600000, 0x0000000086700000|  0%| F|  |TAMS 0x0000000086600000, 0x0000000086600000| Untracked 
| 103|0x0000000086700000, 0x0000000086700000, 0x0000000086800000|  0%| F|  |TAMS 0x0000000086700000, 0x0000000086700000| Untracked 
| 104|0x0000000086800000, 0x0000000086800000, 0x0000000086900000|  0%| F|  |TAMS 0x0000000086800000, 0x0000000086800000| Untracked 
| 105|0x0000000086900000, 0x0000000086900000, 0x0000000086a00000|  0%| F|  |TAMS 0x0000000086900000, 0x0000000086900000| Untracked 
| 106|0x0000000086a00000, 0x0000000086a00000, 0x0000000086b00000|  0%| F|  |TAMS 0x0000000086a00000, 0x0000000086a00000| Untracked 
| 107|0x0000000086b00000, 0x0000000086b00000, 0x0000000086c00000|  0%| F|  |TAMS 0x0000000086b00000, 0x0000000086b00000| Untracked 
| 108|0x0000000086c00000, 0x0000000086c00000, 0x0000000086d00000|  0%| F|  |TAMS 0x0000000086c00000, 0x0000000086c00000| Untracked 
| 109|0x0000000086d00000, 0x0000000086d00000, 0x0000000086e00000|  0%| F|  |TAMS 0x0000000086d00000, 0x0000000086d00000| Untracked 
| 110|0x0000000086e00000, 0x0000000086e00000, 0x0000000086f00000|  0%| F|  |TAMS 0x0000000086e00000, 0x0000000086e00000| Untracked 
| 111|0x0000000086f00000, 0x0000000086f00000, 0x0000000087000000|  0%| F|  |TAMS 0x0000000086f00000, 0x0000000086f00000| Untracked 
| 112|0x0000000087000000, 0x0000000087000000, 0x0000000087100000|  0%| F|  |TAMS 0x0000000087000000, 0x0000000087000000| Untracked 
| 113|0x0000000087100000, 0x0000000087100000, 0x0000000087200000|  0%| F|  |TAMS 0x0000000087100000, 0x0000000087100000| Untracked 
| 114|0x0000000087200000, 0x0000000087200000, 0x0000000087300000|  0%| F|  |TAMS 0x0000000087200000, 0x0000000087200000| Untracked 
| 115|0x0000000087300000, 0x0000000087400000, 0x0000000087400000|100%| E|  |TAMS 0x0000000087300000, 0x0000000087300000| Complete 
| 116|0x0000000087400000, 0x0000000087500000, 0x0000000087500000|100%| E|CS|TAMS 0x0000000087400000, 0x0000000087400000| Complete 
| 117|0x0000000087500000, 0x0000000087600000, 0x0000000087600000|100%| E|CS|TAMS 0x0000000087500000, 0x0000000087500000| Complete 
| 138|0x0000000088a00000, 0x0000000088b00000, 0x0000000088b00000|100%| E|CS|TAMS 0x0000000088a00000, 0x0000000088a00000| Complete 
| 139|0x0000000088b00000, 0x0000000088c00000, 0x0000000088c00000|100%| E|CS|TAMS 0x0000000088b00000, 0x0000000088b00000| Complete 
| 140|0x0000000088c00000, 0x0000000088d00000, 0x0000000088d00000|100%| E|CS|TAMS 0x0000000088c00000, 0x0000000088c00000| Complete 
| 141|0x0000000088d00000, 0x0000000088e00000, 0x0000000088e00000|100%| E|CS|TAMS 0x0000000088d00000, 0x0000000088d00000| Complete 
| 142|0x0000000088e00000, 0x0000000088f00000, 0x0000000088f00000|100%| E|CS|TAMS 0x0000000088e00000, 0x0000000088e00000| Complete 
| 143|0x0000000088f00000, 0x0000000089000000, 0x0000000089000000|100%| E|CS|TAMS 0x0000000088f00000, 0x0000000088f00000| Complete 
| 144|0x0000000089000000, 0x0000000089100000, 0x0000000089100000|100%| E|CS|TAMS 0x0000000089000000, 0x0000000089000000| Complete 
| 145|0x0000000089100000, 0x0000000089200000, 0x0000000089200000|100%| E|CS|TAMS 0x0000000089100000, 0x0000000089100000| Complete 
| 146|0x0000000089200000, 0x0000000089300000, 0x0000000089300000|100%| E|CS|TAMS 0x0000000089200000, 0x0000000089200000| Complete 
| 147|0x0000000089300000, 0x0000000089400000, 0x0000000089400000|100%| E|CS|TAMS 0x0000000089300000, 0x0000000089300000| Complete 
| 148|0x0000000089400000, 0x0000000089500000, 0x0000000089500000|100%| E|CS|TAMS 0x0000000089400000, 0x0000000089400000| Complete 
| 149|0x0000000089500000, 0x0000000089600000, 0x0000000089600000|100%| E|CS|TAMS 0x0000000089500000, 0x0000000089500000| Complete 
| 150|0x0000000089600000, 0x0000000089700000, 0x0000000089700000|100%| E|CS|TAMS 0x0000000089600000, 0x0000000089600000| Complete 
| 151|0x0000000089700000, 0x00000000897af978, 0x0000000089800000| 68%| S|CS|TAMS 0x0000000089700000, 0x0000000089700000| Complete 
| 253|0x000000008fd00000, 0x000000008fe00000, 0x000000008fe00000|100%| E|CS|TAMS 0x000000008fd00000, 0x000000008fd00000| Complete 

Card table byte_map: [0x0000013a77fe0000,0x0000013a783e0000] _byte_map_base: 0x0000013a77be0000

Marking Bits (Prev, Next): (CMBitMap*) 0x0000013a60b09fc0, (CMBitMap*) 0x0000013a60b0a000
 Prev Bits: [0x0000013a787e0000, 0x0000013a7a7e0000)
 Next Bits: [0x0000013a7a7e0000, 0x0000013a7c7e0000)

Polling page: 0x0000013a5e960000

Metaspace:

Usage:
  Non-class:     63.82 MB used.
      Class:     10.13 MB used.
       Both:     73.95 MB used.

Virtual space:
  Non-class space:      128.00 MB reserved,      64.19 MB ( 50%) committed,  2 nodes.
      Class space:        1.00 GB reserved,      10.50 MB (  1%) committed,  1 nodes.
             Both:        1.12 GB reserved,      74.69 MB (  6%) committed. 

Chunk freelists:
   Non-Class:  15.09 MB
       Class:  5.55 MB
        Both:  20.64 MB

MaxMetaspaceSize: unlimited
CompressedClassSpaceSize: 1.00 GB
Initial GC threshold: 21.00 MB
Current GC threshold: 120.12 MB
CDS: on
MetaspaceReclaimPolicy: balanced
 - commit_granule_bytes: 65536.
 - commit_granule_words: 8192.
 - virtual_space_node_default_size: 8388608.
 - enlarge_chunks_in_place: 1.
 - new_chunks_are_fully_committed: 0.
 - uncommit_free_chunks: 1.
 - use_allocation_guard: 0.
 - handle_deallocations: 1.


Internal statistics:

num_allocs_failed_limit: 6.
num_arena_births: 836.
num_arena_deaths: 0.
num_vsnodes_births: 3.
num_vsnodes_deaths: 0.
num_space_committed: 1195.
num_space_uncommitted: 0.
num_chunks_returned_to_freelist: 6.
num_chunks_taken_from_freelist: 3889.
num_chunk_merges: 6.
num_chunk_splits: 2599.
num_chunks_enlarged: 1780.
num_inconsistent_stats: 0.

CodeHeap 'non-profiled nmethods': size=119168Kb used=5457Kb max_used=5770Kb free=113710Kb
 bounds [0x0000013a6ff00000, 0x0000013a704b0000, 0x0000013a77360000]
CodeHeap 'profiled nmethods': size=119104Kb used=17234Kb max_used=17535Kb free=101869Kb
 bounds [0x0000013a68360000, 0x0000013a69480000, 0x0000013a6f7b0000]
CodeHeap 'non-nmethods': size=7488Kb used=4071Kb max_used=4140Kb free=3416Kb
 bounds [0x0000013a6f7b0000, 0x0000013a6fbc0000, 0x0000013a6ff00000]
 total_blobs=9593 nmethods=8678 adapters=822
 compilation: enabled
              stopped_count=0, restarted_count=0
 full_count=0

Compilation events (20 events):
Event: 13.914 Thread 0x0000013a7f7ec1e0 nmethod 10076 0x0000013a689e0f90 code [0x0000013a689e11e0, 0x0000013a689e1ac8]
Event: 13.914 Thread 0x0000013a7f908ce0 nmethod 10078 0x0000013a6889b110 code [0x0000013a6889b2c0, 0x0000013a6889b678]
Event: 13.915 Thread 0x0000013a45cc3700 nmethod 10077 0x0000013a688fc510 code [0x0000013a688fc9a0, 0x0000013a688ff6d8]
Event: 13.919 Thread 0x0000013a49561ce0 nmethod 10061 0x0000013a7017be10 code [0x0000013a7017bfc0, 0x0000013a7017c7a8]
Event: 13.919 Thread 0x0000013a49561ce0 10053       4       java.lang.ThreadLocal::setInitialValue (50 bytes)
Event: 13.923 Thread 0x0000013a7f908ce0 10079       1       com.android.build.api.artifact.Artifact::getFileSystemLocationName (3 bytes)
Event: 13.923 Thread 0x0000013a7f908ce0 nmethod 10079 0x0000013a7017bb10 code [0x0000013a7017bca0, 0x0000013a7017bd78]
Event: 13.935 Thread 0x0000013a7f908ce0 10080       3       com.android.build.gradle.internal.tasks.factory.TaskConfigurationActions::<init> (26 bytes)
Event: 13.935 Thread 0x0000013a45cc3c20 10081       3       com.android.build.gradle.internal.tasks.factory.TaskConfigurationActions::postRegisterHook (181 bytes)
Event: 13.935 Thread 0x0000013a7f908ce0 nmethod 10080 0x0000013a6889ab90 code [0x0000013a6889ad40, 0x0000013a6889b018]
Event: 13.936 Thread 0x0000013a49561ce0 nmethod 10053 0x0000013a6ff39a10 code [0x0000013a6ff39bc0, 0x0000013a6ff3a418]
Event: 13.936 Thread 0x0000013a49561ce0 10052       4       org.gradle.internal.instantiation.generator.DependencyInjectingInstantiator::convertParameters (126 bytes)
Event: 13.936 Thread 0x0000013a45cc3c20 nmethod 10081 0x0000013a68899490 code [0x0000013a68899760, 0x0000013a6889a6b8]
Event: 13.937 Thread 0x0000013a45cc3c20 10082       3       com.android.build.api.component.impl.ComponentBuilderImpl::getName (10 bytes)
Event: 13.937 Thread 0x0000013a45cc3c20 nmethod 10082 0x0000013a68899010 code [0x0000013a688991c0, 0x0000013a68899388]
Event: 13.951 Thread 0x0000013a49561ce0 nmethod 10052 0x0000013a6ff38990 code [0x0000013a6ff38b80, 0x0000013a6ff39368]
Event: 13.952 Thread 0x0000013a49561ce0 10083       4       org.gradle.api.internal.DefaultMutationGuard$1::initialValue (5 bytes)
Event: 13.952 Thread 0x0000013a49561ce0 nmethod 10083 0x0000013a7017b810 code [0x0000013a7017b980, 0x0000013a7017b9f8]
Event: 13.955 Thread 0x0000013a45cc3700 10084       3       com.android.build.gradle.internal.tasks.factory.TaskCreationAction::<init> (5 bytes)
Event: 13.955 Thread 0x0000013a45cc3700 nmethod 10084 0x0000013a689e0c10 code [0x0000013a689e0da0, 0x0000013a689e0ef8]

GC Heap History (20 events):
Event: 8.393 GC heap before
{Heap before GC invocations=25 (full 0):
 garbage-first heap   total 136192K, used 86702K [0x0000000080000000, 0x0000000100000000)
  region size 1024K, 27 young (27648K), 2 survivors (2048K)
 Metaspace       used 59087K, committed 59776K, reserved 1114112K
  class space    used 7991K, committed 8320K, reserved 1048576K
}
Event: 8.396 GC heap after
{Heap after GC invocations=26 (full 0):
 garbage-first heap   total 136192K, used 65734K [0x0000000080000000, 0x0000000100000000)
  region size 1024K, 5 young (5120K), 5 survivors (5120K)
 Metaspace       used 59087K, committed 59776K, reserved 1114112K
  class space    used 7991K, committed 8320K, reserved 1048576K
}
Event: 8.842 GC heap before
{Heap before GC invocations=27 (full 0):
 garbage-first heap   total 136192K, used 104646K [0x0000000080000000, 0x0000000100000000)
  region size 1024K, 38 young (38912K), 5 survivors (5120K)
 Metaspace       used 61181K, committed 61760K, reserved 1114112K
  class space    used 8261K, committed 8576K, reserved 1048576K
}
Event: 8.845 GC heap after
{Heap after GC invocations=28 (full 0):
 garbage-first heap   total 136192K, used 66561K [0x0000000080000000, 0x0000000100000000)
  region size 1024K, 3 young (3072K), 3 survivors (3072K)
 Metaspace       used 61181K, committed 61760K, reserved 1114112K
  class space    used 8261K, committed 8576K, reserved 1048576K
}
Event: 8.902 GC heap before
{Heap before GC invocations=28 (full 0):
 garbage-first heap   total 136192K, used 69633K [0x0000000080000000, 0x0000000100000000)
  region size 1024K, 6 young (6144K), 3 survivors (3072K)
 Metaspace       used 61377K, committed 62080K, reserved 1114112K
  class space    used 8283K, committed 8640K, reserved 1048576K
}
Event: 8.906 GC heap after
{Heap after GC invocations=29 (full 0):
 garbage-first heap   total 136192K, used 66953K [0x0000000080000000, 0x0000000100000000)
  region size 1024K, 1 young (1024K), 1 survivors (1024K)
 Metaspace       used 61377K, committed 62080K, reserved 1114112K
  class space    used 8283K, committed 8640K, reserved 1048576K
}
Event: 9.152 GC heap before
{Heap before GC invocations=29 (full 0):
 garbage-first heap   total 136192K, used 80265K [0x0000000080000000, 0x0000000100000000)
  region size 1024K, 15 young (15360K), 1 survivors (1024K)
 Metaspace       used 62336K, committed 62976K, reserved 1114112K
  class space    used 8379K, committed 8704K, reserved 1048576K
}
Event: 9.154 GC heap after
{Heap after GC invocations=30 (full 0):
 garbage-first heap   total 136192K, used 67741K [0x0000000080000000, 0x0000000100000000)
  region size 1024K, 2 young (2048K), 2 survivors (2048K)
 Metaspace       used 62336K, committed 62976K, reserved 1114112K
  class space    used 8379K, committed 8704K, reserved 1048576K
}
Event: 10.016 GC heap before
{Heap before GC invocations=31 (full 0):
 garbage-first heap   total 136192K, used 105629K [0x0000000080000000, 0x0000000100000000)
  region size 1024K, 38 young (38912K), 2 survivors (2048K)
 Metaspace       used 65257K, committed 65920K, reserved 1114112K
  class space    used 8754K, committed 9088K, reserved 1048576K
}
Event: 10.019 GC heap after
{Heap after GC invocations=32 (full 0):
 garbage-first heap   total 136192K, used 68910K [0x0000000080000000, 0x0000000100000000)
  region size 1024K, 3 young (3072K), 3 survivors (3072K)
 Metaspace       used 65257K, committed 65920K, reserved 1114112K
  class space    used 8754K, committed 9088K, reserved 1048576K
}
Event: 11.234 GC heap before
{Heap before GC invocations=32 (full 0):
 garbage-first heap   total 136192K, used 105774K [0x0000000080000000, 0x0000000100000000)
  region size 1024K, 40 young (40960K), 3 survivors (3072K)
 Metaspace       used 67004K, committed 67712K, reserved 1114112K
  class space    used 8947K, committed 9280K, reserved 1048576K
}
Event: 11.238 GC heap after
{Heap after GC invocations=33 (full 0):
 garbage-first heap   total 136192K, used 70837K [0x0000000080000000, 0x0000000100000000)
  region size 1024K, 5 young (5120K), 5 survivors (5120K)
 Metaspace       used 67004K, committed 67712K, reserved 1114112K
  class space    used 8947K, committed 9280K, reserved 1048576K
}
Event: 12.189 GC heap before
{Heap before GC invocations=34 (full 0):
 garbage-first heap   total 136192K, used 108725K [0x0000000080000000, 0x0000000100000000)
  region size 1024K, 42 young (43008K), 5 survivors (5120K)
 Metaspace       used 70266K, committed 70912K, reserved 1114112K
  class space    used 9587K, committed 9920K, reserved 1048576K
}
Event: 12.193 GC heap after
{Heap after GC invocations=35 (full 0):
 garbage-first heap   total 136192K, used 72617K [0x0000000080000000, 0x0000000100000000)
  region size 1024K, 4 young (4096K), 4 survivors (4096K)
 Metaspace       used 70266K, committed 70912K, reserved 1114112K
  class space    used 9587K, committed 9920K, reserved 1048576K
}
Event: 12.878 GC heap before
{Heap before GC invocations=35 (full 0):
 garbage-first heap   total 136192K, used 109481K [0x0000000080000000, 0x0000000100000000)
  region size 1024K, 40 young (40960K), 4 survivors (4096K)
 Metaspace       used 72905K, committed 73600K, reserved 1114112K
  class space    used 9963K, committed 10304K, reserved 1048576K
}
Event: 12.882 GC heap after
{Heap after GC invocations=36 (full 0):
 garbage-first heap   total 136192K, used 74521K [0x0000000080000000, 0x0000000100000000)
  region size 1024K, 4 young (4096K), 4 survivors (4096K)
 Metaspace       used 72905K, committed 73600K, reserved 1114112K
  class space    used 9963K, committed 10304K, reserved 1048576K
}
Event: 13.547 GC heap before
{Heap before GC invocations=37 (full 0):
 garbage-first heap   total 136192K, used 110361K [0x0000000080000000, 0x0000000100000000)
  region size 1024K, 40 young (40960K), 4 survivors (4096K)
 Metaspace       used 74991K, committed 75712K, reserved 1179648K
  class space    used 10229K, committed 10560K, reserved 1048576K
}
Event: 13.555 GC heap after
{Heap after GC invocations=38 (full 0):
 garbage-first heap   total 136192K, used 77484K [0x0000000080000000, 0x0000000100000000)
  region size 1024K, 5 young (5120K), 5 survivors (5120K)
 Metaspace       used 74991K, committed 75712K, reserved 1179648K
  class space    used 10229K, committed 10560K, reserved 1048576K
}
Event: 13.578 GC heap before
{Heap before GC invocations=38 (full 0):
 garbage-first heap   total 136192K, used 78508K [0x0000000080000000, 0x0000000100000000)
  region size 1024K, 6 young (6144K), 5 survivors (5120K)
 Metaspace       used 74991K, committed 75712K, reserved 1179648K
  class space    used 10229K, committed 10560K, reserved 1048576K
}
Event: 13.583 GC heap after
{Heap after GC invocations=39 (full 0):
 garbage-first heap   total 136192K, used 77384K [0x0000000080000000, 0x0000000100000000)
  region size 1024K, 1 young (1024K), 1 survivors (1024K)
 Metaspace       used 74991K, committed 75712K, reserved 1179648K
  class space    used 10229K, committed 10560K, reserved 1048576K
}

Deoptimization events (20 events):
Event: 13.167 Thread 0x0000013a467ccd90 DEOPT PACKING pc=0x0000013a6fffbaa4 sp=0x000000030a3f81d0
Event: 13.167 Thread 0x0000013a467ccd90 DEOPT UNPACKING pc=0x0000013a6f8023a3 sp=0x000000030a3f8160 mode 2
Event: 13.223 Thread 0x0000013a467cbe60 Uncommon trap: trap_request=0xffffff45 fr.pc=0x0000013a70432334 relative=0x0000000000000634
Event: 13.223 Thread 0x0000013a467cbe60 Uncommon trap: reason=unstable_if action=reinterpret pc=0x0000013a70432334 method=java.io.ObjectOutputStream$ReplaceTable.lookup(Ljava/lang/Object;)Ljava/lang/Object; @ 10 c2
Event: 13.223 Thread 0x0000013a467cbe60 DEOPT PACKING pc=0x0000013a70432334 sp=0x000000030a6fdcb0
Event: 13.223 Thread 0x0000013a467cbe60 DEOPT UNPACKING pc=0x0000013a6f8023a3 sp=0x000000030a6fdc10 mode 2
Event: 13.233 Thread 0x0000013a49469f80 Uncommon trap: trap_request=0xffffff45 fr.pc=0x0000013a7041cd3c relative=0x000000000000303c
Event: 13.233 Thread 0x0000013a49469f80 Uncommon trap: reason=unstable_if action=reinterpret pc=0x0000013a7041cd3c method=com.google.common.collect.MapMakerInternalMap$Segment.drainKeyReferenceQueue(Ljava/lang/ref/ReferenceQueue;)V @ 32 c2
Event: 13.233 Thread 0x0000013a49469f80 DEOPT PACKING pc=0x0000013a7041cd3c sp=0x000000030ccfe0e0
Event: 13.233 Thread 0x0000013a49469f80 DEOPT UNPACKING pc=0x0000013a6f8023a3 sp=0x000000030ccfdd40 mode 2
Event: 13.234 Thread 0x0000013a49469f80 Uncommon trap: trap_request=0xffffff45 fr.pc=0x0000013a704096cc relative=0x0000000000002b0c
Event: 13.234 Thread 0x0000013a49469f80 Uncommon trap: reason=unstable_if action=reinterpret pc=0x0000013a704096cc method=com.google.common.collect.MapMakerInternalMap$Segment.drainKeyReferenceQueue(Ljava/lang/ref/ReferenceQueue;)V @ 32 c2
Event: 13.234 Thread 0x0000013a49469f80 DEOPT PACKING pc=0x0000013a704096cc sp=0x000000030ccfe040
Event: 13.234 Thread 0x0000013a49469f80 DEOPT UNPACKING pc=0x0000013a6f8023a3 sp=0x000000030ccfdd60 mode 2
Event: 13.234 Thread 0x0000013a49469f80 Uncommon trap: trap_request=0xffffff45 fr.pc=0x0000013a704943c4 relative=0x0000000000002704
Event: 13.234 Thread 0x0000013a49469f80 Uncommon trap: reason=unstable_if action=reinterpret pc=0x0000013a704943c4 method=com.google.common.collect.MapMakerInternalMap$Segment.drainKeyReferenceQueue(Ljava/lang/ref/ReferenceQueue;)V @ 32 c2
Event: 13.234 Thread 0x0000013a49469f80 DEOPT PACKING pc=0x0000013a704943c4 sp=0x000000030ccfdf50
Event: 13.234 Thread 0x0000013a49469f80 DEOPT UNPACKING pc=0x0000013a6f8023a3 sp=0x000000030ccfdd70 mode 2
Event: 13.849 Thread 0x0000013a467ccd90 DEOPT PACKING pc=0x0000013a69296f44 sp=0x000000030a3f8640
Event: 13.849 Thread 0x0000013a467ccd90 DEOPT UNPACKING pc=0x0000013a6f802b43 sp=0x000000030a3f7b60 mode 0

Classes unloaded (0 events):
No events

Classes redefined (0 events):
No events

Internal exceptions (20 events):
Event: 10.072 Thread 0x0000013a467ccd90 Exception <a 'java/lang/ClassNotFoundException'{0x0000000089790928}: org/jetbrains/kotlin/gradle/targets/js/npm/DefaultPeerNpmDependencyExtensionCustomizer> (0x0000000089790928) 
thrown [s\open\src\hotspot\share\classfile\systemDictionary.cpp, line 256]
Event: 10.078 Thread 0x0000013a467ccd90 Exception <a 'java/lang/ClassNotFoundException'{0x00000000897db650}: org/jetbrains/kotlin/gradle/targets/js/npm/DefaultPeerNpmDependencyExtension$delegate$1BeanInfo> (0x00000000897db650) 
thrown [s\open\src\hotspot\share\classfile\systemDictionary.cpp, line 256]
Event: 10.080 Thread 0x0000013a467ccd90 Exception <a 'java/lang/ClassNotFoundException'{0x00000000897ee020}: org/jetbrains/kotlin/gradle/targets/js/npm/DefaultPeerNpmDependencyExtension$delegate$1Customizer> (0x00000000897ee020) 
thrown [s\open\src\hotspot\share\classfile\systemDictionary.cpp, line 256]
Event: 10.905 Thread 0x0000013a467ccd90 Exception <a 'java/lang/NoSuchMethodError'{0x0000000086ba17e0}: static Lorg/gradle/api/internal/catalog/DependencyModel;.<clinit>()V> (0x0000000086ba17e0) 
thrown [s\open\src\hotspot\share\prims\jni.cpp, line 1112]
Event: 10.905 Thread 0x0000013a467ccd90 Exception <a 'java/lang/NoSuchMethodError'{0x0000000086ba4ce8}: static Lorg/gradle/api/internal/catalog/AbstractContextAwareModel;.<clinit>()V> (0x0000000086ba4ce8) 
thrown [s\open\src\hotspot\share\prims\jni.cpp, line 1112]
Event: 10.907 Thread 0x0000013a467ccd90 Exception <a 'java/lang/NoSuchMethodError'{0x0000000086bbdab8}: static Lorg/gradle/api/internal/artifacts/dependencies/AbstractVersionConstraint;.<clinit>()V> (0x0000000086bbdab8) 
thrown [s\open\src\hotspot\share\prims\jni.cpp, line 1112]
Event: 10.915 Thread 0x0000013a467ccd90 Exception <a 'java/lang/NoSuchMethodError'{0x0000000086a05288}: static [Ljava/lang/Object;.<clinit>()V> (0x0000000086a05288) 
thrown [s\open\src\hotspot\share\prims\jni.cpp, line 1112]
Event: 11.567 Thread 0x0000013a467ce1d0 Implicit null exception at 0x0000013a702be7f5 to 0x0000013a702beedc
Event: 11.567 Thread 0x0000013a467ce1d0 Implicit null exception at 0x0000013a702b6072 to 0x0000013a702b675c
Event: 12.667 Thread 0x0000013a467ccd90 Exception <a 'java/lang/ClassNotFoundException'{0x0000000086def610}: com/android/build/gradle/internal/api/ApkVariantOutputImpl_DecoratedBeanInfo> (0x0000000086def610) 
thrown [s\open\src\hotspot\share\classfile\systemDictionary.cpp, line 256]
Event: 12.668 Thread 0x0000013a467ccd90 Exception <a 'java/lang/ClassNotFoundException'{0x0000000086dffb18}: com/android/build/gradle/internal/api/ApkVariantOutputImplBeanInfo> (0x0000000086dffb18) 
thrown [s\open\src\hotspot\share\classfile\systemDictionary.cpp, line 256]
Event: 12.669 Thread 0x0000013a467ccd90 Exception <a 'java/lang/ClassNotFoundException'{0x0000000086c10628}: com/android/build/gradle/internal/api/BaseVariantOutputImplBeanInfo> (0x0000000086c10628) 
thrown [s\open\src\hotspot\share\classfile\systemDictionary.cpp, line 256]
Event: 12.670 Thread 0x0000013a467ccd90 Exception <a 'java/lang/ClassNotFoundException'{0x0000000086c20b50}: com/android/build/gradle/internal/api/BaseVariantOutputImplCustomizer> (0x0000000086c20b50) 
thrown [s\open\src\hotspot\share\classfile\systemDictionary.cpp, line 256]
Event: 12.671 Thread 0x0000013a467ccd90 Exception <a 'java/lang/ClassNotFoundException'{0x0000000086c43f60}: com/android/build/gradle/internal/api/ApkVariantOutputImplCustomizer> (0x0000000086c43f60) 
thrown [s\open\src\hotspot\share\classfile\systemDictionary.cpp, line 256]
Event: 12.673 Thread 0x0000013a467ccd90 Exception <a 'java/lang/ClassNotFoundException'{0x0000000086c62410}: com/android/build/gradle/internal/api/ApkVariantOutputImpl_DecoratedCustomizer> (0x0000000086c62410) 
thrown [s\open\src\hotspot\share\classfile\systemDictionary.cpp, line 256]
Event: 12.741 Thread 0x0000013a467ccd90 Exception <a 'java/lang/ClassNotFoundException'{0x000000008682a318}: com/android/build/gradle/internal/api/ReadOnlyBuildTypeBeanInfo> (0x000000008682a318) 
thrown [s\open\src\hotspot\share\classfile\systemDictionary.cpp, line 256]
Event: 12.742 Thread 0x0000013a467ccd90 Exception <a 'java/lang/ClassNotFoundException'{0x000000008683a7a8}: com/android/build/gradle/internal/api/ReadOnlyBaseConfigBeanInfo> (0x000000008683a7a8) 
thrown [s\open\src\hotspot\share\classfile\systemDictionary.cpp, line 256]
Event: 12.743 Thread 0x0000013a467ccd90 Exception <a 'java/lang/ClassNotFoundException'{0x000000008684ac78}: com/android/build/gradle/internal/api/ReadOnlyBaseConfigCustomizer> (0x000000008684ac78) 
thrown [s\open\src\hotspot\share\classfile\systemDictionary.cpp, line 256]
Event: 12.744 Thread 0x0000013a467ccd90 Exception <a 'java/lang/ClassNotFoundException'{0x000000008686bcd8}: com/android/build/gradle/internal/api/ReadOnlyBuildTypeCustomizer> (0x000000008686bcd8) 
thrown [s\open\src\hotspot\share\classfile\systemDictionary.cpp, line 256]
Event: 12.945 Thread 0x0000013a467ccd90 Implicit null exception at 0x0000013a70450008 to 0x0000013a70457698

VM Operations (20 events):
Event: 12.878 Executing VM operation: G1CollectForAllocation
Event: 12.882 Executing VM operation: G1CollectForAllocation done
Event: 12.914 Executing VM operation: G1Concurrent
Event: 12.918 Executing VM operation: G1Concurrent done
Event: 12.931 Executing VM operation: G1Concurrent
Event: 12.931 Executing VM operation: G1Concurrent done
Event: 12.976 Executing VM operation: HandshakeAllThreads
Event: 12.976 Executing VM operation: HandshakeAllThreads done
Event: 13.062 Executing VM operation: HandshakeAllThreads
Event: 13.062 Executing VM operation: HandshakeAllThreads done
Event: 13.145 Executing VM operation: HandshakeAllThreads
Event: 13.146 Executing VM operation: HandshakeAllThreads done
Event: 13.220 Executing VM operation: HandshakeAllThreads
Event: 13.221 Executing VM operation: HandshakeAllThreads done
Event: 13.423 Executing VM operation: ICBufferFull
Event: 13.424 Executing VM operation: ICBufferFull done
Event: 13.547 Executing VM operation: G1CollectForAllocation
Event: 13.555 Executing VM operation: G1CollectForAllocation done
Event: 13.578 Executing VM operation: G1CollectForAllocation
Event: 13.583 Executing VM operation: G1CollectForAllocation done

Events (20 events):
Event: 12.604 Thread 0x0000013a7f7ff2c0 flushing nmethod 0x0000013a69163610
Event: 12.604 Thread 0x0000013a7f7ff2c0 flushing nmethod 0x0000013a69164910
Event: 12.604 Thread 0x0000013a7f7ff2c0 flushing nmethod 0x0000013a69166290
Event: 12.604 Thread 0x0000013a7f7ff2c0 flushing nmethod 0x0000013a69178990
Event: 12.604 Thread 0x0000013a7f7ff2c0 flushing nmethod 0x0000013a6920bf90
Event: 12.604 Thread 0x0000013a7f7ff2c0 flushing nmethod 0x0000013a6921ea90
Event: 12.604 Thread 0x0000013a7f7ff2c0 flushing nmethod 0x0000013a69221310
Event: 12.604 Thread 0x0000013a7f7ff2c0 flushing nmethod 0x0000013a69224b90
Event: 12.604 Thread 0x0000013a7f7ff2c0 flushing nmethod 0x0000013a69253090
Event: 12.604 Thread 0x0000013a7f7ff2c0 flushing nmethod 0x0000013a69254c10
Event: 12.605 Thread 0x0000013a7f7ff2c0 flushing nmethod 0x0000013a6928a510
Event: 12.605 Thread 0x0000013a7f7ff2c0 flushing nmethod 0x0000013a6928a890
Event: 12.605 Thread 0x0000013a7f7ff2c0 flushing nmethod 0x0000013a692fd490
Event: 12.605 Thread 0x0000013a7f7ff2c0 flushing nmethod 0x0000013a692fe790
Event: 12.605 Thread 0x0000013a7f7ff2c0 flushing nmethod 0x0000013a69318b90
Event: 12.605 Thread 0x0000013a7f7ff2c0 flushing nmethod 0x0000013a6937cd10
Event: 12.606 Thread 0x0000013a7f7ff2c0 flushing nmethod 0x0000013a693b9610
Event: 12.606 Thread 0x0000013a7f7ff2c0 flushing nmethod 0x0000013a693bf110
Event: 12.606 Thread 0x0000013a7f7ff2c0 flushing nmethod 0x0000013a693c7290
Event: 12.804 Thread 0x0000013a49561ce0 Thread added: 0x0000013a49561ce0


Dynamic libraries:
0x00007ff6f83e0000 - 0x00007ff6f83f0000 	C:\Program Files\Java\jdk-17\bin\java.exe
0x00007ffd93b20000 - 0x00007ffd93d87000 	C:\WINDOWS\SYSTEM32\ntdll.dll
0x00007ffd92430000 - 0x00007ffd924fb000 	C:\WINDOWS\System32\KERNEL32.DLL
0x00007ffd91430000 - 0x00007ffd91832000 	C:\WINDOWS\System32\KERNELBASE.dll
0x00007ffd90f00000 - 0x00007ffd9104c000 	C:\WINDOWS\System32\ucrtbase.dll
0x00007ffd767f0000 - 0x00007ffd76809000 	C:\Program Files\Java\jdk-17\bin\jli.dll
0x00007ffd716b0000 - 0x00007ffd716cb000 	C:\Program Files\Java\jdk-17\bin\VCRUNTIME140.dll
0x00007ffd91840000 - 0x00007ffd918fc000 	C:\WINDOWS\System32\ADVAPI32.dll
0x00007ffd91910000 - 0x00007ffd919b9000 	C:\WINDOWS\System32\msvcrt.dll
0x00007ffd91f50000 - 0x00007ffd91ff9000 	C:\WINDOWS\System32\sechost.dll
0x00007ffd93670000 - 0x00007ffd93788000 	C:\WINDOWS\System32\RPCRT4.dll
0x00007ffd93810000 - 0x00007ffd939df000 	C:\WINDOWS\System32\USER32.dll
0x00007ffd91400000 - 0x00007ffd91427000 	C:\WINDOWS\System32\win32u.dll
0x00007ffd75380000 - 0x00007ffd75610000 	C:\WINDOWS\WinSxS\amd64_microsoft.windows.common-controls_6595b64144ccf1df_6.0.26100.9278_none_3e0d1ba8e3303201\COMCTL32.dll
0x00007ffd92110000 - 0x00007ffd9213b000 	C:\WINDOWS\System32\GDI32.dll
0x00007ffd90d20000 - 0x00007ffd90e49000 	C:\WINDOWS\System32\gdi32full.dll
0x00007ffd90e50000 - 0x00007ffd90ef3000 	C:\WINDOWS\System32\msvcp_win.dll
0x00007ffd88f50000 - 0x00007ffd88f5b000 	C:\WINDOWS\SYSTEM32\VERSION.dll
0x00007ffd933c0000 - 0x00007ffd933f1000 	C:\WINDOWS\System32\IMM32.DLL
0x00007ffd88f20000 - 0x00007ffd88f2c000 	C:\Program Files\Java\jdk-17\bin\vcruntime140_1.dll
0x00007ffd23a20000 - 0x00007ffd23aae000 	C:\Program Files\Java\jdk-17\bin\msvcp140.dll
0x00007ffc8e560000 - 0x00007ffc8f140000 	C:\Program Files\Java\jdk-17\bin\server\jvm.dll
0x00007ffd91f40000 - 0x00007ffd91f48000 	C:\WINDOWS\System32\PSAPI.DLL
0x00007ffd81220000 - 0x00007ffd8122a000 	C:\WINDOWS\SYSTEM32\WSOCK32.dll
0x00007ffd826a0000 - 0x00007ffd826d6000 	C:\WINDOWS\SYSTEM32\WINMM.dll
0x00007ffd93a50000 - 0x00007ffd93ad0000 	C:\WINDOWS\System32\WS2_32.dll
0x00007ffd8f9b0000 - 0x00007ffd8f9cb000 	C:\WINDOWS\SYSTEM32\kernel.appcore.dll
0x00007ffd716a0000 - 0x00007ffd716aa000 	C:\Program Files\Java\jdk-17\bin\jimage.dll
0x00007ffd8e260000 - 0x00007ffd8e4ac000 	C:\WINDOWS\SYSTEM32\DBGHELP.DLL
0x00007ffd92e00000 - 0x00007ffd93185000 	C:\WINDOWS\System32\combase.dll
0x00007ffd93490000 - 0x00007ffd93569000 	C:\WINDOWS\System32\OLEAUT32.dll
0x00007ffd79ef0000 - 0x00007ffd79f2b000 	C:\WINDOWS\SYSTEM32\dbgcore.DLL
0x00007ffd910f0000 - 0x00007ffd9119c000 	C:\WINDOWS\System32\bcryptPrimitives.dll
0x00007ffd50ee0000 - 0x00007ffd50f05000 	C:\Program Files\Java\jdk-17\bin\java.dll
0x00007ffd23840000 - 0x00007ffd23917000 	C:\Program Files\Java\jdk-17\bin\jsvml.dll
0x00007ffd92660000 - 0x00007ffd92df8000 	C:\WINDOWS\System32\SHELL32.dll
0x00007ffd8e740000 - 0x00007ffd8efee000 	C:\WINDOWS\SYSTEM32\windows.storage.dll
0x00007ffd93570000 - 0x00007ffd9366b000 	C:\WINDOWS\System32\SHCORE.dll
0x00007ffd92340000 - 0x00007ffd923a6000 	C:\WINDOWS\System32\shlwapi.dll
0x00007ffd90c40000 - 0x00007ffd90c69000 	C:\WINDOWS\SYSTEM32\profapi.dll
0x00007ffd6ebe0000 - 0x00007ffd6ebf9000 	C:\Program Files\Java\jdk-17\bin\net.dll
0x00007ffd8ae00000 - 0x00007ffd8af2a000 	C:\WINDOWS\SYSTEM32\WINHTTP.dll
0x00007ffd8ff50000 - 0x00007ffd8ffbc000 	C:\WINDOWS\system32\mswsock.dll
0x00007ffd6ad80000 - 0x00007ffd6ad96000 	C:\Program Files\Java\jdk-17\bin\nio.dll
0x00007ffd62fa0000 - 0x00007ffd62fb8000 	C:\Program Files\Java\jdk-17\bin\zip.dll
0x00007ffd668b0000 - 0x00007ffd668c0000 	C:\Program Files\Java\jdk-17\bin\verify.dll
0x00007ffce9700000 - 0x00007ffce9727000 	C:\Users\ASUS\.gradle\native\e1d6ef7f7dcc3fd88c89a11ec53ec762bb8ba0a96d01ffa2cd45eb1d1d8dd5c5\windows-amd64\native-platform.dll
0x00007ffcf2a10000 - 0x00007ffcf2b54000 	C:\Users\ASUS\.gradle\native\0d407fdbe67a94daf76414ababcb853783967236a71b16ec16e742cd7a986fd3\windows-amd64\native-platform-file-events.dll
0x00007ffd5bad0000 - 0x00007ffd5bada000 	C:\Program Files\Java\jdk-17\bin\management.dll
0x00007ffd5bac0000 - 0x00007ffd5bacb000 	C:\Program Files\Java\jdk-17\bin\management_ext.dll
0x00007ffd90370000 - 0x00007ffd9038b000 	C:\WINDOWS\SYSTEM32\CRYPTSP.dll
0x00007ffd8f910000 - 0x00007ffd8f949000 	C:\WINDOWS\system32\rsaenh.dll
0x00007ffd90000000 - 0x00007ffd90034000 	C:\WINDOWS\SYSTEM32\USERENV.dll
0x00007ffd90c10000 - 0x00007ffd90c3a000 	C:\WINDOWS\SYSTEM32\bcrypt.dll
0x00007ffd901b0000 - 0x00007ffd901bc000 	C:\WINDOWS\SYSTEM32\CRYPTBASE.dll
0x00007ffd8f3b0000 - 0x00007ffd8f3e3000 	C:\WINDOWS\SYSTEM32\IPHLPAPI.DLL
0x00007ffd91f30000 - 0x00007ffd91f3a000 	C:\WINDOWS\System32\NSI.dll
0x00007ffd8b000000 - 0x00007ffd8b01d000 	C:\WINDOWS\SYSTEM32\dhcpcsvc6.DLL
0x00007ffd8afd0000 - 0x00007ffd8aff5000 	C:\WINDOWS\SYSTEM32\dhcpcsvc.DLL
0x00007ffd8f450000 - 0x00007ffd8f5a8000 	C:\WINDOWS\SYSTEM32\DNSAPI.dll
0x00007ffd8fd70000 - 0x00007ffd8fd7d000 	C:\WINDOWS\SYSTEM32\DSPARSE.dll
0x00007ffd55130000 - 0x00007ffd5513e000 	C:\Program Files\Java\jdk-17\bin\sunmscapi.dll
0x00007ffd911b0000 - 0x00007ffd9132e000 	C:\WINDOWS\System32\CRYPT32.dll
0x00007ffd904e0000 - 0x00007ffd90510000 	C:\WINDOWS\SYSTEM32\ncrypt.dll
0x00007ffd90490000 - 0x00007ffd904cf000 	C:\WINDOWS\SYSTEM32\NTASN1.dll
0x00007ffd777e0000 - 0x00007ffd777e8000 	C:\WINDOWS\system32\wshunix.dll

dbghelp: loaded successfully - version: 4.0.5 - missing functions: none
symbol engine: initialized successfully - sym options: 0x614 - pdb path: .;C:\Program Files\Java\jdk-17\bin;C:\WINDOWS\SYSTEM32;C:\WINDOWS\WinSxS\amd64_microsoft.windows.common-controls_6595b64144ccf1df_6.0.26100.9278_none_3e0d1ba8e3303201;C:\Program Files\Java\jdk-17\bin\server;C:\Users\ASUS\.gradle\native\e1d6ef7f7dcc3fd88c89a11ec53ec762bb8ba0a96d01ffa2cd45eb1d1d8dd5c5\windows-amd64;C:\Users\ASUS\.gradle\native\0d407fdbe67a94daf76414ababcb853783967236a71b16ec16e742cd7a986fd3\windows-amd64

VM Arguments:
jvm_args: --add-opens=java.base/java.util=ALL-UNNAMED --add-opens=java.base/java.lang=ALL-UNNAMED --add-opens=java.base/java.lang.invoke=ALL-UNNAMED --add-opens=java.base/java.util=ALL-UNNAMED --add-opens=java.prefs/java.util.prefs=ALL-UNNAMED --add-opens=java.prefs/java.util.prefs=ALL-UNNAMED --add-opens=java.base/java.nio.charset=ALL-UNNAMED --add-opens=java.base/java.net=ALL-UNNAMED --add-opens=java.base/java.util.concurrent.atomic=ALL-UNNAMED -Xmx2048m -Dfile.encoding=UTF-8 -Duser.country=US -Duser.language=en -Duser.variant 
java_command: org.gradle.launcher.daemon.bootstrap.GradleDaemon 7.4
java_class_path (initial): C:\Users\ASUS\.gradle\wrapper\dists\gradle-7.4-bin\c0gwcg53nkjbqw7r0h0umtfvt\gradle-7.4\lib\gradle-launcher-7.4.jar
Launcher Type: SUN_STANDARD

[Global flags]
     intx CICompilerCount                          = 12                                        {product} {ergonomic}
     uint ConcGCThreads                            = 3                                         {product} {ergonomic}
     uint G1ConcRefinementThreads                  = 13                                        {product} {ergonomic}
   size_t G1HeapRegionSize                         = 1048576                                   {product} {ergonomic}
    uintx GCDrainStackTargetSize                   = 64                                        {product} {ergonomic}
   size_t InitialHeapSize                          = 266338304                                 {product} {ergonomic}
   size_t MarkStackSize                            = 4194304                                   {product} {ergonomic}
   size_t MaxHeapSize                              = 2147483648                                {product} {command line}
   size_t MaxNewSize                               = 1287651328                                {product} {ergonomic}
   size_t MinHeapDeltaBytes                        = 1048576                                   {product} {ergonomic}
   size_t MinHeapSize                              = 8388608                                   {product} {ergonomic}
    uintx NonNMethodCodeHeapSize                   = 7602480                                {pd product} {ergonomic}
    uintx NonProfiledCodeHeapSize                  = 122027880                              {pd product} {ergonomic}
    uintx ProfiledCodeHeapSize                     = 122027880                              {pd product} {ergonomic}
    uintx ReservedCodeCacheSize                    = 251658240                              {pd product} {ergonomic}
     bool SegmentedCodeCache                       = true                                      {product} {ergonomic}
   size_t SoftMaxHeapSize                          = 2147483648                             {manageable} {ergonomic}
     bool UseCompressedClassPointers               = true                           {product lp64_product} {ergonomic}
     bool UseCompressedOops                        = true                           {product lp64_product} {ergonomic}
     bool UseG1GC                                  = true                                      {product} {ergonomic}
     bool UseLargePagesIndividualAllocation        = false                                  {pd product} {ergonomic}

Logging:
Log output configuration:
 #0: stdout all=warning uptime,level,tags
 #1: stderr all=off uptime,level,tags

Environment Variables:
PATH=C:\Program Files\NVIDIA GPU Computing Toolkit\CUDA\v12.6\bin;C:\Program Files\NVIDIA GPU Computing Toolkit\CUDA\v12.6\libnvvp;C:\Program Files\NVIDIA GPU Computing Toolkit\CUDA\v13.3\bin\x64;C:\Program Files\NVIDIA GPU Computing Toolkit\CUDA\v13.3\bin;c:\Users\ASUS\AppData\Local\Programs\cursor\resources\app\bin;C:\Program Files\Common Files\Oracle\Java\javapath;C:\WINDOWS\system32;C:\WINDOWS;C:\WINDOWS\System32\Wbem;C:\WINDOWS\System32\WindowsPowerShell\v1.0\;C:\WINDOWS\System32\OpenSSH\;C:\Program Files (x86)\NVIDIA Corporation\PhysX\Common;C:\Program Files\dotnet\;C:\Program Files\Java\jdk-17\bin;C:\Program Files\nodejs\;C:\Program Files\PostgreSQL\17\bin;C:\Program Files\Git\cmd;C:\Users\ASUS\AppData\Local\Programs\Python\Launcher\;C:\Users\ASUS\scoop\shims;C:\Users\ASUS\AppData\Local\Microsoft\WindowsApps;C:\Users\ASUS\AppData\Roaming\npm;C:\Users\ASUS\AppData\Local\Programs\Python\Python313;C:\Users\ASUS\AppData\Local\Programs\Python\Python313\Scripts;C:\Users\ASUS\AppData\Local\Programs\cursor\resources\app\bin;c:\Users\ASUS\AppData\Local\Programs\cursor\resources\app\bin;C:\Program Files\Git\cmd;C:\Program Files\NVIDIA Corporation\NVIDIA App\NvDLISR;C:\Program Files (x86)\BaseX\bin;C:\Program Files\Apache\apache-maven-3.9.12\bin;C:\Program Files\Docker\Docker\resources\bin;C:\tools\rtk-x86_64-pc-windows-msvc;C:\Program Files\NVIDIA Corporation\Nsight Compute 2024.3.0\;C:\Program Files\NVIDIA GPU Computing Toolkit\CUDA\v12.6\bin;C:\Program Files\NVIDIA GPU Computing Toolkit\CUDA\v12.6\libnvvp;C:\Program Files\NVIDIA GPU Computing Toolkit\CUDA\v13.3\bin\x64;C:\Program Files\NVIDIA GPU Computing Toolkit\CUDA\v13.3\bin;c:\Users\ASUS\AppData\Local\Programs\cursor\resources\app\bin;C:\Program Files\Common Files\Oracle\Java\javapath;C:\WINDOWS\system32;C:\WINDOWS;C:\WINDOWS\System32\Wbem;C:\WINDOWS\System32\WindowsPowerShell\v1.0\;C:\WINDOWS\System32\OpenSSH\;C:\Program Files (x86)\NVIDIA Corporation\PhysX\Common;C:\Program Files\dotnet\;C:\Program Files\Java\jdk
USERNAME=ASUS
OS=Windows_NT
PROCESSOR_IDENTIFIER=AMD64 Family 25 Model 68 Stepping 1, AuthenticAMD



---------------  S Y S T E M  ---------------

OS:
 Windows 11 , 64 bit Build 26100 (10.0.26100.9444)
OS uptime: 0 days 2:36 hours
Hyper-V role detected

CPU: total 16 (initial active 16) (16 cores per cpu, 2 threads per core) family 25 model 68 stepping 1 microcode 0xa404107, cx8, cmov, fxsr, ht, mmx, 3dnowpref, sse, sse2, sse3, ssse3, sse4a, sse4.1, sse4.2, popcnt, lzcnt, tsc, tscinvbit, avx, avx2, aes, erms, clmul, bmi1, bmi2, adx, sha, fma, vzeroupper, clflush, clflushopt, hv

Memory: 4k page, system-wide physical 16202M (520M free)
TotalPageFile size 24099M (AvailPageFile size 0M)
current process WorkingSet (physical memory assigned to process): 383M, peak: 397M
current process commit charge ("private bytes"): 446M, peak: 472M

vm_info: Java HotSpot(TM) 64-Bit Server VM (17.0.12+8-LTS-286) for windows-amd64 JRE (17.0.12+8-LTS-286), built on Jun  5 2024 06:46:59 by "mach5one" with MS VC++ 17.6 (VS2022)

END.
